Archive member included to satisfy reference by file (symbol)

../../libopencm3//lib/libopencm3_stm32f1.a(adc.o)
                              test-mic.o (adc_power_on)
../../libopencm3//lib/libopencm3_stm32f1.a(adc_common_v1.o)
                              test-mic.o (adc_power_off)
../../libopencm3//lib/libopencm3_stm32f1.a(gpio.o)
                              test-mic.o (gpio_set_mode)
../../libopencm3//lib/libopencm3_stm32f1.a(rcc_common_all.o)
                              test-mic.o (rcc_periph_clock_enable)
../../libopencm3//lib/libopencm3_stm32f1.a(timer_common_all.o)
                              test-mic.o (timer_enable_preload)
../../libopencm3//lib/libopencm3_stm32f1.a(vector.o)
                              (reset_handler)
/usr/lib/gcc/arm-none-eabi/14.2.0/thumb/v7-m/nofp/libgcc.a(_arm_muldf3.o)
                              test-mic.o (__aeabi_dmul)
/usr/lib/gcc/arm-none-eabi/14.2.0/thumb/v7-m/nofp/libgcc.a(_arm_addsubdf3.o)
                              test-mic.o (__aeabi_i2d)
/usr/lib/gcc/arm-none-eabi/14.2.0/thumb/v7-m/nofp/libgcc.a(_arm_muldivdf3.o)
                              test-mic.o (__aeabi_ddiv)
/usr/lib/gcc/arm-none-eabi/14.2.0/thumb/v7-m/nofp/libgcc.a(_arm_fixdfsi.o)
                              test-mic.o (__aeabi_d2iz)

Discarded input sections

 .group         0x00000000        0xc test-mic.o
 .group         0x00000000        0xc test-mic.o
 .group         0x00000000        0xc test-mic.o
 .group         0x00000000        0xc test-mic.o
 .group         0x00000000        0xc test-mic.o
 .group         0x00000000        0xc test-mic.o
 .group         0x00000000        0xc test-mic.o
 .group         0x00000000        0xc test-mic.o
 .group         0x00000000        0xc test-mic.o
 .group         0x00000000        0xc test-mic.o
 .group         0x00000000        0xc test-mic.o
 .group         0x00000000        0xc test-mic.o
 .group         0x00000000        0xc test-mic.o
 .group         0x00000000        0xc test-mic.o
 .group         0x00000000        0xc test-mic.o
 .group         0x00000000        0xc test-mic.o
 .group         0x00000000        0xc test-mic.o
 .group         0x00000000        0xc test-mic.o
 .text          0x00000000        0x0 test-mic.o
 .data          0x00000000        0x0 test-mic.o
 .bss           0x00000000        0x0 test-mic.o
 .text.wait     0x00000000       0x14 test-mic.o
 .group         0x00000000        0xc ../../libopencm3//lib/libopencm3_stm32f1.a(adc.o)
 .group         0x00000000        0xc ../../libopencm3//lib/libopencm3_stm32f1.a(adc.o)
 .group         0x00000000        0xc ../../libopencm3//lib/libopencm3_stm32f1.a(adc.o)
 .group         0x00000000        0xc ../../libopencm3//lib/libopencm3_stm32f1.a(adc.o)
 .group         0x00000000        0xc ../../libopencm3//lib/libopencm3_stm32f1.a(adc.o)
 .group         0x00000000        0xc ../../libopencm3//lib/libopencm3_stm32f1.a(adc.o)
 .group         0x00000000        0xc ../../libopencm3//lib/libopencm3_stm32f1.a(adc.o)
 .group         0x00000000        0xc ../../libopencm3//lib/libopencm3_stm32f1.a(adc.o)
 .group         0x00000000        0xc ../../libopencm3//lib/libopencm3_stm32f1.a(adc.o)
 .group         0x00000000        0xc ../../libopencm3//lib/libopencm3_stm32f1.a(adc.o)
 .group         0x00000000        0xc ../../libopencm3//lib/libopencm3_stm32f1.a(adc.o)
 .group         0x00000000        0xc ../../libopencm3//lib/libopencm3_stm32f1.a(adc.o)
 .group         0x00000000        0xc ../../libopencm3//lib/libopencm3_stm32f1.a(adc.o)
 .group         0x00000000        0xc ../../libopencm3//lib/libopencm3_stm32f1.a(adc.o)
 .text          0x00000000        0x0 ../../libopencm3//lib/libopencm3_stm32f1.a(adc.o)
 .data          0x00000000        0x0 ../../libopencm3//lib/libopencm3_stm32f1.a(adc.o)
 .bss           0x00000000        0x0 ../../libopencm3//lib/libopencm3_stm32f1.a(adc.o)
 .text.adc_start_conversion_direct
                0x00000000       0x10 ../../libopencm3//lib/libopencm3_stm32f1.a(adc.o)
 .text.adc_set_dual_mode
                0x00000000       0x14 ../../libopencm3//lib/libopencm3_stm32f1.a(adc.o)
 .text.adc_enable_temperature_sensor
                0x00000000       0x14 ../../libopencm3//lib/libopencm3_stm32f1.a(adc.o)
 .text.adc_disable_temperature_sensor
                0x00000000       0x14 ../../libopencm3//lib/libopencm3_stm32f1.a(adc.o)
 .text.adc_enable_external_trigger_regular
                0x00000000       0x14 ../../libopencm3//lib/libopencm3_stm32f1.a(adc.o)
 .text.adc_disable_external_trigger_regular
                0x00000000        0xa ../../libopencm3//lib/libopencm3_stm32f1.a(adc.o)
 .text.adc_enable_external_trigger_injected
                0x00000000       0x14 ../../libopencm3//lib/libopencm3_stm32f1.a(adc.o)
 .text.adc_disable_external_trigger_injected
                0x00000000        0xa ../../libopencm3//lib/libopencm3_stm32f1.a(adc.o)
 .text.adc_reset_calibration
                0x00000000       0x14 ../../libopencm3//lib/libopencm3_stm32f1.a(adc.o)
 .text.adc_calibration
                0x00000000       0x14 ../../libopencm3//lib/libopencm3_stm32f1.a(adc.o)
 .text.adc_calibrate_async
                0x00000000        0xa ../../libopencm3//lib/libopencm3_stm32f1.a(adc.o)
 .text.adc_is_calibrating
                0x00000000        0x8 ../../libopencm3//lib/libopencm3_stm32f1.a(adc.o)
 .text.adc_calibrate
                0x00000000       0x14 ../../libopencm3//lib/libopencm3_stm32f1.a(adc.o)
 .text.adc_set_sample_time_on_all_channels
                0x00000000       0x2a ../../libopencm3//lib/libopencm3_stm32f1.a(adc.o)
 .debug_macro   0x00000000      0xac0 ../../libopencm3//lib/libopencm3_stm32f1.a(adc.o)
 .debug_macro   0x00000000       0x1c ../../libopencm3//lib/libopencm3_stm32f1.a(adc.o)
 .debug_macro   0x00000000       0x22 ../../libopencm3//lib/libopencm3_stm32f1.a(adc.o)
 .debug_macro   0x00000000       0x56 ../../libopencm3//lib/libopencm3_stm32f1.a(adc.o)
 .debug_macro   0x00000000       0x51 ../../libopencm3//lib/libopencm3_stm32f1.a(adc.o)
 .debug_macro   0x00000000      0x103 ../../libopencm3//lib/libopencm3_stm32f1.a(adc.o)
 .debug_macro   0x00000000       0x6a ../../libopencm3//lib/libopencm3_stm32f1.a(adc.o)
 .debug_macro   0x00000000      0x1df ../../libopencm3//lib/libopencm3_stm32f1.a(adc.o)
 .debug_macro   0x00000000       0x22 ../../libopencm3//lib/libopencm3_stm32f1.a(adc.o)
 .debug_macro   0x00000000       0xe8 ../../libopencm3//lib/libopencm3_stm32f1.a(adc.o)
 .debug_macro   0x00000000       0x76 ../../libopencm3//lib/libopencm3_stm32f1.a(adc.o)
 .debug_macro   0x00000000      0x1b4 ../../libopencm3//lib/libopencm3_stm32f1.a(adc.o)
 .debug_macro   0x00000000      0x449 ../../libopencm3//lib/libopencm3_stm32f1.a(adc.o)
 .debug_macro   0x00000000      0x456 ../../libopencm3//lib/libopencm3_stm32f1.a(adc.o)
 .group         0x00000000        0xc ../../libopencm3//lib/libopencm3_stm32f1.a(adc_common_v1.o)
 .group         0x00000000        0xc ../../libopencm3//lib/libopencm3_stm32f1.a(adc_common_v1.o)
 .group         0x00000000        0xc ../../libopencm3//lib/libopencm3_stm32f1.a(adc_common_v1.o)
 .group         0x00000000        0xc ../../libopencm3//lib/libopencm3_stm32f1.a(adc_common_v1.o)
 .group         0x00000000        0xc ../../libopencm3//lib/libopencm3_stm32f1.a(adc_common_v1.o)
 .group         0x00000000        0xc ../../libopencm3//lib/libopencm3_stm32f1.a(adc_common_v1.o)
 .group         0x00000000        0xc ../../libopencm3//lib/libopencm3_stm32f1.a(adc_common_v1.o)
 .group         0x00000000        0xc ../../libopencm3//lib/libopencm3_stm32f1.a(adc_common_v1.o)
 .group         0x00000000        0xc ../../libopencm3//lib/libopencm3_stm32f1.a(adc_common_v1.o)
 .group         0x00000000        0xc ../../libopencm3//lib/libopencm3_stm32f1.a(adc_common_v1.o)
 .group         0x00000000        0xc ../../libopencm3//lib/libopencm3_stm32f1.a(adc_common_v1.o)
 .group         0x00000000        0xc ../../libopencm3//lib/libopencm3_stm32f1.a(adc_common_v1.o)
 .group         0x00000000        0xc ../../libopencm3//lib/libopencm3_stm32f1.a(adc_common_v1.o)
 .group         0x00000000        0xc ../../libopencm3//lib/libopencm3_stm32f1.a(adc_common_v1.o)
 .text          0x00000000        0x0 ../../libopencm3//lib/libopencm3_stm32f1.a(adc_common_v1.o)
 .data          0x00000000        0x0 ../../libopencm3//lib/libopencm3_stm32f1.a(adc_common_v1.o)
 .bss           0x00000000        0x0 ../../libopencm3//lib/libopencm3_stm32f1.a(adc_common_v1.o)
 .text.adc_enable_analog_watchdog_regular
                0x00000000        0xa ../../libopencm3//lib/libopencm3_stm32f1.a(adc_common_v1.o)
 .text.adc_disable_analog_watchdog_regular
                0x00000000        0xa ../../libopencm3//lib/libopencm3_stm32f1.a(adc_common_v1.o)
 .text.adc_enable_analog_watchdog_injected
                0x00000000        0xa ../../libopencm3//lib/libopencm3_stm32f1.a(adc_common_v1.o)
 .text.adc_disable_analog_watchdog_injected
                0x00000000        0xa ../../libopencm3//lib/libopencm3_stm32f1.a(adc_common_v1.o)
 .text.adc_enable_discontinuous_mode_regular
                0x00000000       0x18 ../../libopencm3//lib/libopencm3_stm32f1.a(adc_common_v1.o)
 .text.adc_disable_discontinuous_mode_regular
                0x00000000        0xa ../../libopencm3//lib/libopencm3_stm32f1.a(adc_common_v1.o)
 .text.adc_enable_discontinuous_mode_injected
                0x00000000        0xa ../../libopencm3//lib/libopencm3_stm32f1.a(adc_common_v1.o)
 .text.adc_disable_discontinuous_mode_injected
                0x00000000        0xa ../../libopencm3//lib/libopencm3_stm32f1.a(adc_common_v1.o)
 .text.adc_enable_automatic_injected_group_conversion
                0x00000000       0x12 ../../libopencm3//lib/libopencm3_stm32f1.a(adc_common_v1.o)
 .text.adc_disable_automatic_injected_group_conversion
                0x00000000        0xa ../../libopencm3//lib/libopencm3_stm32f1.a(adc_common_v1.o)
 .text.adc_enable_analog_watchdog_on_all_channels
                0x00000000        0xa ../../libopencm3//lib/libopencm3_stm32f1.a(adc_common_v1.o)
 .text.adc_enable_analog_watchdog_on_selected_channel
                0x00000000       0x18 ../../libopencm3//lib/libopencm3_stm32f1.a(adc_common_v1.o)
 .text.adc_enable_scan_mode
                0x00000000        0xa ../../libopencm3//lib/libopencm3_stm32f1.a(adc_common_v1.o)
 .text.adc_disable_scan_mode
                0x00000000        0xa ../../libopencm3//lib/libopencm3_stm32f1.a(adc_common_v1.o)
 .text.adc_enable_eoc_interrupt_injected
                0x00000000        0xa ../../libopencm3//lib/libopencm3_stm32f1.a(adc_common_v1.o)
 .text.adc_disable_eoc_interrupt_injected
                0x00000000        0xa ../../libopencm3//lib/libopencm3_stm32f1.a(adc_common_v1.o)
 .text.adc_enable_awd_interrupt
                0x00000000        0xa ../../libopencm3//lib/libopencm3_stm32f1.a(adc_common_v1.o)
 .text.adc_disable_awd_interrupt
                0x00000000        0xa ../../libopencm3//lib/libopencm3_stm32f1.a(adc_common_v1.o)
 .text.adc_enable_eoc_interrupt
                0x00000000        0xa ../../libopencm3//lib/libopencm3_stm32f1.a(adc_common_v1.o)
 .text.adc_disable_eoc_interrupt
                0x00000000        0xa ../../libopencm3//lib/libopencm3_stm32f1.a(adc_common_v1.o)
 .text.adc_set_left_aligned
                0x00000000        0xa ../../libopencm3//lib/libopencm3_stm32f1.a(adc_common_v1.o)
 .text.adc_set_right_aligned
                0x00000000        0xa ../../libopencm3//lib/libopencm3_stm32f1.a(adc_common_v1.o)
 .text.adc_eoc_injected
                0x00000000        0x8 ../../libopencm3//lib/libopencm3_stm32f1.a(adc_common_v1.o)
 .text.adc_read_injected
                0x00000000       0x22 ../../libopencm3//lib/libopencm3_stm32f1.a(adc_common_v1.o)
 .text.adc_set_single_conversion_mode
                0x00000000        0xa ../../libopencm3//lib/libopencm3_stm32f1.a(adc_common_v1.o)
 .text.adc_set_watchdog_high_threshold
                0x00000000        0x8 ../../libopencm3//lib/libopencm3_stm32f1.a(adc_common_v1.o)
 .text.adc_set_watchdog_low_threshold
                0x00000000        0x8 ../../libopencm3//lib/libopencm3_stm32f1.a(adc_common_v1.o)
 .text.adc_set_injected_sequence
                0x00000000       0x26 ../../libopencm3//lib/libopencm3_stm32f1.a(adc_common_v1.o)
 .text.adc_set_injected_offset
                0x00000000       0x1e ../../libopencm3//lib/libopencm3_stm32f1.a(adc_common_v1.o)
 .text.adc_start_conversion_injected
                0x00000000       0x14 ../../libopencm3//lib/libopencm3_stm32f1.a(adc_common_v1.o)
 .text.adc_enable_dma
                0x00000000        0xa ../../libopencm3//lib/libopencm3_stm32f1.a(adc_common_v1.o)
 .text.adc_disable_dma
                0x00000000        0xa ../../libopencm3//lib/libopencm3_stm32f1.a(adc_common_v1.o)
 .text.adc_get_flag
                0x00000000        0xc ../../libopencm3//lib/libopencm3_stm32f1.a(adc_common_v1.o)
 .text.adc_clear_flag
                0x00000000        0x6 ../../libopencm3//lib/libopencm3_stm32f1.a(adc_common_v1.o)
 .debug_macro   0x00000000      0xac0 ../../libopencm3//lib/libopencm3_stm32f1.a(adc_common_v1.o)
 .debug_macro   0x00000000       0x1c ../../libopencm3//lib/libopencm3_stm32f1.a(adc_common_v1.o)
 .debug_macro   0x00000000       0x22 ../../libopencm3//lib/libopencm3_stm32f1.a(adc_common_v1.o)
 .debug_macro   0x00000000       0x56 ../../libopencm3//lib/libopencm3_stm32f1.a(adc_common_v1.o)
 .debug_macro   0x00000000       0x51 ../../libopencm3//lib/libopencm3_stm32f1.a(adc_common_v1.o)
 .debug_macro   0x00000000      0x103 ../../libopencm3//lib/libopencm3_stm32f1.a(adc_common_v1.o)
 .debug_macro   0x00000000       0x6a ../../libopencm3//lib/libopencm3_stm32f1.a(adc_common_v1.o)
 .debug_macro   0x00000000      0x1df ../../libopencm3//lib/libopencm3_stm32f1.a(adc_common_v1.o)
 .debug_macro   0x00000000       0x22 ../../libopencm3//lib/libopencm3_stm32f1.a(adc_common_v1.o)
 .debug_macro   0x00000000       0xe8 ../../libopencm3//lib/libopencm3_stm32f1.a(adc_common_v1.o)
 .debug_macro   0x00000000       0x76 ../../libopencm3//lib/libopencm3_stm32f1.a(adc_common_v1.o)
 .debug_macro   0x00000000      0x1b4 ../../libopencm3//lib/libopencm3_stm32f1.a(adc_common_v1.o)
 .debug_macro   0x00000000      0x449 ../../libopencm3//lib/libopencm3_stm32f1.a(adc_common_v1.o)
 .debug_macro   0x00000000      0x456 ../../libopencm3//lib/libopencm3_stm32f1.a(adc_common_v1.o)
 .group         0x00000000        0xc ../../libopencm3//lib/libopencm3_stm32f1.a(gpio.o)
 .group         0x00000000        0xc ../../libopencm3//lib/libopencm3_stm32f1.a(gpio.o)
 .group         0x00000000        0xc ../../libopencm3//lib/libopencm3_stm32f1.a(gpio.o)
 .group         0x00000000        0xc ../../libopencm3//lib/libopencm3_stm32f1.a(gpio.o)
 .group         0x00000000        0xc ../../libopencm3//lib/libopencm3_stm32f1.a(gpio.o)
 .group         0x00000000        0xc ../../libopencm3//lib/libopencm3_stm32f1.a(gpio.o)
 .group         0x00000000        0xc ../../libopencm3//lib/libopencm3_stm32f1.a(gpio.o)
 .group         0x00000000        0xc ../../libopencm3//lib/libopencm3_stm32f1.a(gpio.o)
 .group         0x00000000        0xc ../../libopencm3//lib/libopencm3_stm32f1.a(gpio.o)
 .group         0x00000000        0xc ../../libopencm3//lib/libopencm3_stm32f1.a(gpio.o)
 .group         0x00000000        0xc ../../libopencm3//lib/libopencm3_stm32f1.a(gpio.o)
 .group         0x00000000        0xc ../../libopencm3//lib/libopencm3_stm32f1.a(gpio.o)
 .group         0x00000000        0xc ../../libopencm3//lib/libopencm3_stm32f1.a(gpio.o)
 .group         0x00000000        0xc ../../libopencm3//lib/libopencm3_stm32f1.a(gpio.o)
 .text          0x00000000        0x0 ../../libopencm3//lib/libopencm3_stm32f1.a(gpio.o)
 .data          0x00000000        0x0 ../../libopencm3//lib/libopencm3_stm32f1.a(gpio.o)
 .bss           0x00000000        0x0 ../../libopencm3//lib/libopencm3_stm32f1.a(gpio.o)
 .text.gpio_set_eventout
                0x00000000       0x10 ../../libopencm3//lib/libopencm3_stm32f1.a(gpio.o)
 .text.gpio_primary_remap
                0x00000000       0x14 ../../libopencm3//lib/libopencm3_stm32f1.a(gpio.o)
 .text.gpio_secondary_remap
                0x00000000       0x10 ../../libopencm3//lib/libopencm3_stm32f1.a(gpio.o)
 .debug_macro   0x00000000      0xac0 ../../libopencm3//lib/libopencm3_stm32f1.a(gpio.o)
 .debug_macro   0x00000000       0x1c ../../libopencm3//lib/libopencm3_stm32f1.a(gpio.o)
 .debug_macro   0x00000000       0x22 ../../libopencm3//lib/libopencm3_stm32f1.a(gpio.o)
 .debug_macro   0x00000000       0x56 ../../libopencm3//lib/libopencm3_stm32f1.a(gpio.o)
 .debug_macro   0x00000000       0x51 ../../libopencm3//lib/libopencm3_stm32f1.a(gpio.o)
 .debug_macro   0x00000000      0x103 ../../libopencm3//lib/libopencm3_stm32f1.a(gpio.o)
 .debug_macro   0x00000000       0x6a ../../libopencm3//lib/libopencm3_stm32f1.a(gpio.o)
 .debug_macro   0x00000000      0x1df ../../libopencm3//lib/libopencm3_stm32f1.a(gpio.o)
 .debug_macro   0x00000000       0x22 ../../libopencm3//lib/libopencm3_stm32f1.a(gpio.o)
 .debug_macro   0x00000000       0xe8 ../../libopencm3//lib/libopencm3_stm32f1.a(gpio.o)
 .debug_macro   0x00000000       0x76 ../../libopencm3//lib/libopencm3_stm32f1.a(gpio.o)
 .debug_macro   0x00000000      0x1b4 ../../libopencm3//lib/libopencm3_stm32f1.a(gpio.o)
 .debug_macro   0x00000000       0x76 ../../libopencm3//lib/libopencm3_stm32f1.a(gpio.o)
 .debug_macro   0x00000000      0xe2e ../../libopencm3//lib/libopencm3_stm32f1.a(gpio.o)
 .group         0x00000000        0xc ../../libopencm3//lib/libopencm3_stm32f1.a(rcc_common_all.o)
 .group         0x00000000        0xc ../../libopencm3//lib/libopencm3_stm32f1.a(rcc_common_all.o)
 .group         0x00000000        0xc ../../libopencm3//lib/libopencm3_stm32f1.a(rcc_common_all.o)
 .group         0x00000000        0xc ../../libopencm3//lib/libopencm3_stm32f1.a(rcc_common_all.o)
 .group         0x00000000        0xc ../../libopencm3//lib/libopencm3_stm32f1.a(rcc_common_all.o)
 .group         0x00000000        0xc ../../libopencm3//lib/libopencm3_stm32f1.a(rcc_common_all.o)
 .group         0x00000000        0xc ../../libopencm3//lib/libopencm3_stm32f1.a(rcc_common_all.o)
 .group         0x00000000        0xc ../../libopencm3//lib/libopencm3_stm32f1.a(rcc_common_all.o)
 .group         0x00000000        0xc ../../libopencm3//lib/libopencm3_stm32f1.a(rcc_common_all.o)
 .group         0x00000000        0xc ../../libopencm3//lib/libopencm3_stm32f1.a(rcc_common_all.o)
 .group         0x00000000        0xc ../../libopencm3//lib/libopencm3_stm32f1.a(rcc_common_all.o)
 .group         0x00000000        0xc ../../libopencm3//lib/libopencm3_stm32f1.a(rcc_common_all.o)
 .group         0x00000000        0xc ../../libopencm3//lib/libopencm3_stm32f1.a(rcc_common_all.o)
 .text          0x00000000        0x0 ../../libopencm3//lib/libopencm3_stm32f1.a(rcc_common_all.o)
 .data          0x00000000        0x0 ../../libopencm3//lib/libopencm3_stm32f1.a(rcc_common_all.o)
 .bss           0x00000000        0x0 ../../libopencm3//lib/libopencm3_stm32f1.a(rcc_common_all.o)
 .text.rcc_peripheral_enable_clock
                0x00000000        0x8 ../../libopencm3//lib/libopencm3_stm32f1.a(rcc_common_all.o)
 .text.rcc_peripheral_disable_clock
                0x00000000        0xa ../../libopencm3//lib/libopencm3_stm32f1.a(rcc_common_all.o)
 .text.rcc_peripheral_reset
                0x00000000        0x8 ../../libopencm3//lib/libopencm3_stm32f1.a(rcc_common_all.o)
 .text.rcc_peripheral_clear_reset
                0x00000000        0xa ../../libopencm3//lib/libopencm3_stm32f1.a(rcc_common_all.o)
 .text.rcc_periph_clock_disable
                0x00000000       0x1c ../../libopencm3//lib/libopencm3_stm32f1.a(rcc_common_all.o)
 .text.rcc_periph_reset_pulse
                0x00000000       0x22 ../../libopencm3//lib/libopencm3_stm32f1.a(rcc_common_all.o)
 .text.rcc_periph_reset_hold
                0x00000000        0x4 ../../libopencm3//lib/libopencm3_stm32f1.a(rcc_common_all.o)
 .text.rcc_periph_reset_release
                0x00000000        0x4 ../../libopencm3//lib/libopencm3_stm32f1.a(rcc_common_all.o)
 .text.rcc_set_mco
                0x00000000       0x14 ../../libopencm3//lib/libopencm3_stm32f1.a(rcc_common_all.o)
 .text.rcc_osc_bypass_enable
                0x00000000       0x28 ../../libopencm3//lib/libopencm3_stm32f1.a(rcc_common_all.o)
 .text.rcc_osc_bypass_disable
                0x00000000       0x28 ../../libopencm3//lib/libopencm3_stm32f1.a(rcc_common_all.o)
 .text.rcc_get_div_from_hpre
                0x00000000       0x18 ../../libopencm3//lib/libopencm3_stm32f1.a(rcc_common_all.o)
 .debug_macro   0x00000000      0xac0 ../../libopencm3//lib/libopencm3_stm32f1.a(rcc_common_all.o)
 .debug_macro   0x00000000       0x1c ../../libopencm3//lib/libopencm3_stm32f1.a(rcc_common_all.o)
 .debug_macro   0x00000000       0x22 ../../libopencm3//lib/libopencm3_stm32f1.a(rcc_common_all.o)
 .debug_macro   0x00000000       0x56 ../../libopencm3//lib/libopencm3_stm32f1.a(rcc_common_all.o)
 .debug_macro   0x00000000       0x51 ../../libopencm3//lib/libopencm3_stm32f1.a(rcc_common_all.o)
 .debug_macro   0x00000000      0x103 ../../libopencm3//lib/libopencm3_stm32f1.a(rcc_common_all.o)
 .debug_macro   0x00000000       0x6a ../../libopencm3//lib/libopencm3_stm32f1.a(rcc_common_all.o)
 .debug_macro   0x00000000      0x1df ../../libopencm3//lib/libopencm3_stm32f1.a(rcc_common_all.o)
 .debug_macro   0x00000000       0x22 ../../libopencm3//lib/libopencm3_stm32f1.a(rcc_common_all.o)
 .debug_macro   0x00000000       0xe8 ../../libopencm3//lib/libopencm3_stm32f1.a(rcc_common_all.o)
 .debug_macro   0x00000000       0x76 ../../libopencm3//lib/libopencm3_stm32f1.a(rcc_common_all.o)
 .debug_macro   0x00000000      0x1b4 ../../libopencm3//lib/libopencm3_stm32f1.a(rcc_common_all.o)
 .debug_macro   0x00000000      0x8c6 ../../libopencm3//lib/libopencm3_stm32f1.a(rcc_common_all.o)
 .group         0x00000000        0xc ../../libopencm3//lib/libopencm3_stm32f1.a(timer_common_all.o)
 .group         0x00000000        0xc ../../libopencm3//lib/libopencm3_stm32f1.a(timer_common_all.o)
 .group         0x00000000        0xc ../../libopencm3//lib/libopencm3_stm32f1.a(timer_common_all.o)
 .group         0x00000000        0xc ../../libopencm3//lib/libopencm3_stm32f1.a(timer_common_all.o)
 .group         0x00000000        0xc ../../libopencm3//lib/libopencm3_stm32f1.a(timer_common_all.o)
 .group         0x00000000        0xc ../../libopencm3//lib/libopencm3_stm32f1.a(timer_common_all.o)
 .group         0x00000000        0xc ../../libopencm3//lib/libopencm3_stm32f1.a(timer_common_all.o)
 .group         0x00000000        0xc ../../libopencm3//lib/libopencm3_stm32f1.a(timer_common_all.o)
 .group         0x00000000        0xc ../../libopencm3//lib/libopencm3_stm32f1.a(timer_common_all.o)
 .group         0x00000000        0xc ../../libopencm3//lib/libopencm3_stm32f1.a(timer_common_all.o)
 .group         0x00000000        0xc ../../libopencm3//lib/libopencm3_stm32f1.a(timer_common_all.o)
 .group         0x00000000        0xc ../../libopencm3//lib/libopencm3_stm32f1.a(timer_common_all.o)
 .group         0x00000000        0xc ../../libopencm3//lib/libopencm3_stm32f1.a(timer_common_all.o)
 .group         0x00000000        0xc ../../libopencm3//lib/libopencm3_stm32f1.a(timer_common_all.o)
 .text          0x00000000        0x0 ../../libopencm3//lib/libopencm3_stm32f1.a(timer_common_all.o)
 .data          0x00000000        0x0 ../../libopencm3//lib/libopencm3_stm32f1.a(timer_common_all.o)
 .bss           0x00000000        0x0 ../../libopencm3//lib/libopencm3_stm32f1.a(timer_common_all.o)
 .text.timer_enable_irq
                0x00000000        0x8 ../../libopencm3//lib/libopencm3_stm32f1.a(timer_common_all.o)
 .text.timer_disable_irq
                0x00000000        0xa ../../libopencm3//lib/libopencm3_stm32f1.a(timer_common_all.o)
 .text.timer_interrupt_source
                0x00000000       0x16 ../../libopencm3//lib/libopencm3_stm32f1.a(timer_common_all.o)
 .text.timer_get_flag
                0x00000000        0xc ../../libopencm3//lib/libopencm3_stm32f1.a(timer_common_all.o)
 .text.timer_clear_flag
                0x00000000        0x6 ../../libopencm3//lib/libopencm3_stm32f1.a(timer_common_all.o)
 .text.timer_set_mode
                0x00000000       0x12 ../../libopencm3//lib/libopencm3_stm32f1.a(timer_common_all.o)
 .text.timer_set_clock_division
                0x00000000       0x14 ../../libopencm3//lib/libopencm3_stm32f1.a(timer_common_all.o)
 .text.timer_disable_preload
                0x00000000        0xa ../../libopencm3//lib/libopencm3_stm32f1.a(timer_common_all.o)
 .text.timer_set_alignment
                0x00000000       0x14 ../../libopencm3//lib/libopencm3_stm32f1.a(timer_common_all.o)
 .text.timer_direction_up
                0x00000000        0xa ../../libopencm3//lib/libopencm3_stm32f1.a(timer_common_all.o)
 .text.timer_direction_down
                0x00000000        0xa ../../libopencm3//lib/libopencm3_stm32f1.a(timer_common_all.o)
 .text.timer_one_shot_mode
                0x00000000        0xa ../../libopencm3//lib/libopencm3_stm32f1.a(timer_common_all.o)
 .text.timer_continuous_mode
                0x00000000        0xa ../../libopencm3//lib/libopencm3_stm32f1.a(timer_common_all.o)
 .text.timer_update_on_any
                0x00000000        0xa ../../libopencm3//lib/libopencm3_stm32f1.a(timer_common_all.o)
 .text.timer_update_on_overflow
                0x00000000        0xa ../../libopencm3//lib/libopencm3_stm32f1.a(timer_common_all.o)
 .text.timer_enable_update_event
                0x00000000        0xa ../../libopencm3//lib/libopencm3_stm32f1.a(timer_common_all.o)
 .text.timer_disable_update_event
                0x00000000        0xa ../../libopencm3//lib/libopencm3_stm32f1.a(timer_common_all.o)
 .text.timer_disable_counter
                0x00000000        0xa ../../libopencm3//lib/libopencm3_stm32f1.a(timer_common_all.o)
 .text.timer_set_output_idle_state
                0x00000000        0xc ../../libopencm3//lib/libopencm3_stm32f1.a(timer_common_all.o)
 .text.timer_reset_output_idle_state
                0x00000000        0xe ../../libopencm3//lib/libopencm3_stm32f1.a(timer_common_all.o)
 .text.timer_set_ti1_ch123_xor
                0x00000000        0xa ../../libopencm3//lib/libopencm3_stm32f1.a(timer_common_all.o)
 .text.timer_set_ti1_ch1
                0x00000000        0xa ../../libopencm3//lib/libopencm3_stm32f1.a(timer_common_all.o)
 .text.timer_set_master_mode
                0x00000000       0x10 ../../libopencm3//lib/libopencm3_stm32f1.a(timer_common_all.o)
 .text.timer_set_dma_on_compare_event
                0x00000000        0xa ../../libopencm3//lib/libopencm3_stm32f1.a(timer_common_all.o)
 .text.timer_set_dma_on_update_event
                0x00000000        0xa ../../libopencm3//lib/libopencm3_stm32f1.a(timer_common_all.o)
 .text.timer_enable_compare_control_update_on_trigger
                0x00000000        0xa ../../libopencm3//lib/libopencm3_stm32f1.a(timer_common_all.o)
 .text.timer_disable_compare_control_update_on_trigger
                0x00000000        0xa ../../libopencm3//lib/libopencm3_stm32f1.a(timer_common_all.o)
 .text.timer_enable_preload_complementry_enable_bits
                0x00000000        0xa ../../libopencm3//lib/libopencm3_stm32f1.a(timer_common_all.o)
 .text.timer_disable_preload_complementry_enable_bits
                0x00000000        0xa ../../libopencm3//lib/libopencm3_stm32f1.a(timer_common_all.o)
 .text.timer_set_repetition_counter
                0x00000000        0x4 ../../libopencm3//lib/libopencm3_stm32f1.a(timer_common_all.o)
 .text.timer_enable_oc_clear
                0x00000000       0x34 ../../libopencm3//lib/libopencm3_stm32f1.a(timer_common_all.o)
 .text.timer_disable_oc_clear
                0x00000000       0x34 ../../libopencm3//lib/libopencm3_stm32f1.a(timer_common_all.o)
 .text.timer_set_oc_fast_mode
                0x00000000       0x34 ../../libopencm3//lib/libopencm3_stm32f1.a(timer_common_all.o)
 .text.timer_set_oc_slow_mode
                0x00000000       0x34 ../../libopencm3//lib/libopencm3_stm32f1.a(timer_common_all.o)
 .text.timer_enable_oc_preload
                0x00000000       0x34 ../../libopencm3//lib/libopencm3_stm32f1.a(timer_common_all.o)
 .text.timer_disable_oc_preload
                0x00000000       0x34 ../../libopencm3//lib/libopencm3_stm32f1.a(timer_common_all.o)
 .text.timer_set_oc_polarity_high
                0x00000000       0x4a ../../libopencm3//lib/libopencm3_stm32f1.a(timer_common_all.o)
 .text.timer_set_oc_polarity_low
                0x00000000       0x4a ../../libopencm3//lib/libopencm3_stm32f1.a(timer_common_all.o)
 .text.timer_disable_oc_output
                0x00000000       0x4a ../../libopencm3//lib/libopencm3_stm32f1.a(timer_common_all.o)
 .text.timer_set_oc_idle_state_set
                0x00000000       0x4a ../../libopencm3//lib/libopencm3_stm32f1.a(timer_common_all.o)
 .text.timer_set_oc_idle_state_unset
                0x00000000       0x4a ../../libopencm3//lib/libopencm3_stm32f1.a(timer_common_all.o)
 .text.timer_enable_break_main_output
                0x00000000        0xa ../../libopencm3//lib/libopencm3_stm32f1.a(timer_common_all.o)
 .text.timer_disable_break_main_output
                0x00000000        0xa ../../libopencm3//lib/libopencm3_stm32f1.a(timer_common_all.o)
 .text.timer_enable_break_automatic_output
                0x00000000        0xa ../../libopencm3//lib/libopencm3_stm32f1.a(timer_common_all.o)
 .text.timer_disable_break_automatic_output
                0x00000000        0xa ../../libopencm3//lib/libopencm3_stm32f1.a(timer_common_all.o)
 .text.timer_set_break_polarity_high
                0x00000000        0xa ../../libopencm3//lib/libopencm3_stm32f1.a(timer_common_all.o)
 .text.timer_set_break_polarity_low
                0x00000000        0xa ../../libopencm3//lib/libopencm3_stm32f1.a(timer_common_all.o)
 .text.timer_enable_break
                0x00000000        0xa ../../libopencm3//lib/libopencm3_stm32f1.a(timer_common_all.o)
 .text.timer_disable_break
                0x00000000        0xa ../../libopencm3//lib/libopencm3_stm32f1.a(timer_common_all.o)
 .text.timer_set_enabled_off_state_in_run_mode
                0x00000000        0xa ../../libopencm3//lib/libopencm3_stm32f1.a(timer_common_all.o)
 .text.timer_set_disabled_off_state_in_run_mode
                0x00000000        0xa ../../libopencm3//lib/libopencm3_stm32f1.a(timer_common_all.o)
 .text.timer_set_enabled_off_state_in_idle_mode
                0x00000000        0xa ../../libopencm3//lib/libopencm3_stm32f1.a(timer_common_all.o)
 .text.timer_set_disabled_off_state_in_idle_mode
                0x00000000        0xa ../../libopencm3//lib/libopencm3_stm32f1.a(timer_common_all.o)
 .text.timer_set_break_lock
                0x00000000        0x8 ../../libopencm3//lib/libopencm3_stm32f1.a(timer_common_all.o)
 .text.timer_set_deadtime
                0x00000000        0x4 ../../libopencm3//lib/libopencm3_stm32f1.a(timer_common_all.o)
 .text.timer_generate_event
                0x00000000        0x8 ../../libopencm3//lib/libopencm3_stm32f1.a(timer_common_all.o)
 .text.timer_get_counter
                0x00000000        0x4 ../../libopencm3//lib/libopencm3_stm32f1.a(timer_common_all.o)
 .text.timer_set_counter
                0x00000000        0x4 ../../libopencm3//lib/libopencm3_stm32f1.a(timer_common_all.o)
 .text.timer_ic_set_filter
                0x00000000       0x50 ../../libopencm3//lib/libopencm3_stm32f1.a(timer_common_all.o)
 .text.timer_ic_set_prescaler
                0x00000000       0x50 ../../libopencm3//lib/libopencm3_stm32f1.a(timer_common_all.o)
 .text.timer_ic_set_input
                0x00000000       0x62 ../../libopencm3//lib/libopencm3_stm32f1.a(timer_common_all.o)
 .text.timer_ic_enable
                0x00000000        0xe ../../libopencm3//lib/libopencm3_stm32f1.a(timer_common_all.o)
 .text.timer_ic_disable
                0x00000000       0x10 ../../libopencm3//lib/libopencm3_stm32f1.a(timer_common_all.o)
 .text.timer_slave_set_filter
                0x00000000       0x12 ../../libopencm3//lib/libopencm3_stm32f1.a(timer_common_all.o)
 .text.timer_slave_set_prescaler
                0x00000000       0x12 ../../libopencm3//lib/libopencm3_stm32f1.a(timer_common_all.o)
 .text.timer_slave_set_polarity
                0x00000000       0x12 ../../libopencm3//lib/libopencm3_stm32f1.a(timer_common_all.o)
 .text.timer_slave_set_mode
                0x00000000       0x10 ../../libopencm3//lib/libopencm3_stm32f1.a(timer_common_all.o)
 .text.timer_slave_set_trigger
                0x00000000       0x10 ../../libopencm3//lib/libopencm3_stm32f1.a(timer_common_all.o)
 .text.timer_slave_set_extclockmode2
                0x00000000       0x12 ../../libopencm3//lib/libopencm3_stm32f1.a(timer_common_all.o)
 .debug_macro   0x00000000      0xac0 ../../libopencm3//lib/libopencm3_stm32f1.a(timer_common_all.o)
 .debug_macro   0x00000000       0x1c ../../libopencm3//lib/libopencm3_stm32f1.a(timer_common_all.o)
 .debug_macro   0x00000000       0x22 ../../libopencm3//lib/libopencm3_stm32f1.a(timer_common_all.o)
 .debug_macro   0x00000000       0x56 ../../libopencm3//lib/libopencm3_stm32f1.a(timer_common_all.o)
 .debug_macro   0x00000000       0x51 ../../libopencm3//lib/libopencm3_stm32f1.a(timer_common_all.o)
 .debug_macro   0x00000000      0x103 ../../libopencm3//lib/libopencm3_stm32f1.a(timer_common_all.o)
 .debug_macro   0x00000000       0x6a ../../libopencm3//lib/libopencm3_stm32f1.a(timer_common_all.o)
 .debug_macro   0x00000000      0x1df ../../libopencm3//lib/libopencm3_stm32f1.a(timer_common_all.o)
 .debug_macro   0x00000000       0x22 ../../libopencm3//lib/libopencm3_stm32f1.a(timer_common_all.o)
 .debug_macro   0x00000000       0xe8 ../../libopencm3//lib/libopencm3_stm32f1.a(timer_common_all.o)
 .debug_macro   0x00000000       0x76 ../../libopencm3//lib/libopencm3_stm32f1.a(timer_common_all.o)
 .debug_macro   0x00000000      0x1b4 ../../libopencm3//lib/libopencm3_stm32f1.a(timer_common_all.o)
 .debug_macro   0x00000000      0xf8f ../../libopencm3//lib/libopencm3_stm32f1.a(timer_common_all.o)
 .debug_macro   0x00000000      0x8c6 ../../libopencm3//lib/libopencm3_stm32f1.a(timer_common_all.o)
 .group         0x00000000        0xc ../../libopencm3//lib/libopencm3_stm32f1.a(vector.o)
 .group         0x00000000        0xc ../../libopencm3//lib/libopencm3_stm32f1.a(vector.o)
 .group         0x00000000        0xc ../../libopencm3//lib/libopencm3_stm32f1.a(vector.o)
 .group         0x00000000        0xc ../../libopencm3//lib/libopencm3_stm32f1.a(vector.o)
 .group         0x00000000        0xc ../../libopencm3//lib/libopencm3_stm32f1.a(vector.o)
 .group         0x00000000        0xc ../../libopencm3//lib/libopencm3_stm32f1.a(vector.o)
 .group         0x00000000        0xc ../../libopencm3//lib/libopencm3_stm32f1.a(vector.o)
 .group         0x00000000        0xc ../../libopencm3//lib/libopencm3_stm32f1.a(vector.o)
 .group         0x00000000        0xc ../../libopencm3//lib/libopencm3_stm32f1.a(vector.o)
 .group         0x00000000        0xc ../../libopencm3//lib/libopencm3_stm32f1.a(vector.o)
 .group         0x00000000        0xc ../../libopencm3//lib/libopencm3_stm32f1.a(vector.o)
 .group         0x00000000        0xc ../../libopencm3//lib/libopencm3_stm32f1.a(vector.o)
 .group         0x00000000        0xc ../../libopencm3//lib/libopencm3_stm32f1.a(vector.o)
 .group         0x00000000        0xc ../../libopencm3//lib/libopencm3_stm32f1.a(vector.o)
 .text          0x00000000        0x0 ../../libopencm3//lib/libopencm3_stm32f1.a(vector.o)
 .data          0x00000000        0x0 ../../libopencm3//lib/libopencm3_stm32f1.a(vector.o)
 .bss           0x00000000        0x0 ../../libopencm3//lib/libopencm3_stm32f1.a(vector.o)
 .debug_macro   0x00000000      0xac0 ../../libopencm3//lib/libopencm3_stm32f1.a(vector.o)
 .debug_macro   0x00000000       0x76 ../../libopencm3//lib/libopencm3_stm32f1.a(vector.o)
 .debug_macro   0x00000000       0x1c ../../libopencm3//lib/libopencm3_stm32f1.a(vector.o)
 .debug_macro   0x00000000       0x22 ../../libopencm3//lib/libopencm3_stm32f1.a(vector.o)
 .debug_macro   0x00000000       0x56 ../../libopencm3//lib/libopencm3_stm32f1.a(vector.o)
 .debug_macro   0x00000000       0x51 ../../libopencm3//lib/libopencm3_stm32f1.a(vector.o)
 .debug_macro   0x00000000      0x103 ../../libopencm3//lib/libopencm3_stm32f1.a(vector.o)
 .debug_macro   0x00000000       0x6a ../../libopencm3//lib/libopencm3_stm32f1.a(vector.o)
 .debug_macro   0x00000000      0x1df ../../libopencm3//lib/libopencm3_stm32f1.a(vector.o)
 .debug_macro   0x00000000       0x22 ../../libopencm3//lib/libopencm3_stm32f1.a(vector.o)
 .debug_macro   0x00000000       0xe8 ../../libopencm3//lib/libopencm3_stm32f1.a(vector.o)
 .text          0x00000000      0x254 /usr/lib/gcc/arm-none-eabi/14.2.0/thumb/v7-m/nofp/libgcc.a(_arm_muldf3.o)
 .data          0x00000000        0x0 /usr/lib/gcc/arm-none-eabi/14.2.0/thumb/v7-m/nofp/libgcc.a(_arm_muldf3.o)
 .bss           0x00000000        0x0 /usr/lib/gcc/arm-none-eabi/14.2.0/thumb/v7-m/nofp/libgcc.a(_arm_muldf3.o)
 .debug_line    0x00000000       0xf5 /usr/lib/gcc/arm-none-eabi/14.2.0/thumb/v7-m/nofp/libgcc.a(_arm_muldf3.o)
 .debug_line_str
                0x00000000       0x93 /usr/lib/gcc/arm-none-eabi/14.2.0/thumb/v7-m/nofp/libgcc.a(_arm_muldf3.o)
 .debug_info    0x00000000       0x3f /usr/lib/gcc/arm-none-eabi/14.2.0/thumb/v7-m/nofp/libgcc.a(_arm_muldf3.o)
 .debug_abbrev  0x00000000       0x26 /usr/lib/gcc/arm-none-eabi/14.2.0/thumb/v7-m/nofp/libgcc.a(_arm_muldf3.o)
 .debug_aranges
                0x00000000       0x20 /usr/lib/gcc/arm-none-eabi/14.2.0/thumb/v7-m/nofp/libgcc.a(_arm_muldf3.o)
 .debug_str     0x00000000       0xb5 /usr/lib/gcc/arm-none-eabi/14.2.0/thumb/v7-m/nofp/libgcc.a(_arm_muldf3.o)
 .debug_frame   0x00000000       0x30 /usr/lib/gcc/arm-none-eabi/14.2.0/thumb/v7-m/nofp/libgcc.a(_arm_muldf3.o)
 .ARM.attributes
                0x00000000       0x1d /usr/lib/gcc/arm-none-eabi/14.2.0/thumb/v7-m/nofp/libgcc.a(_arm_muldf3.o)
 .data          0x00000000        0x0 /usr/lib/gcc/arm-none-eabi/14.2.0/thumb/v7-m/nofp/libgcc.a(_arm_addsubdf3.o)
 .bss           0x00000000        0x0 /usr/lib/gcc/arm-none-eabi/14.2.0/thumb/v7-m/nofp/libgcc.a(_arm_addsubdf3.o)
 .data          0x00000000        0x0 /usr/lib/gcc/arm-none-eabi/14.2.0/thumb/v7-m/nofp/libgcc.a(_arm_muldivdf3.o)
 .bss           0x00000000        0x0 /usr/lib/gcc/arm-none-eabi/14.2.0/thumb/v7-m/nofp/libgcc.a(_arm_muldivdf3.o)
 .data          0x00000000        0x0 /usr/lib/gcc/arm-none-eabi/14.2.0/thumb/v7-m/nofp/libgcc.a(_arm_fixdfsi.o)
 .bss           0x00000000        0x0 /usr/lib/gcc/arm-none-eabi/14.2.0/thumb/v7-m/nofp/libgcc.a(_arm_fixdfsi.o)

Memory Configuration

Name             Origin             Length             Attributes
rom              0x08000000         0x00010000         xr
ram              0x20000000         0x00005000         xrw
*default*        0x00000000         0xffffffff

Linker script and memory map

LOAD test-mic.o
LOAD ../../libopencm3//lib/libopencm3_stm32f1.a
START GROUP
LOAD /usr/lib/gcc/arm-none-eabi/14.2.0/../../../../arm-none-eabi/lib/thumb/v7-m/nofp/libc.a
LOAD /usr/lib/gcc/arm-none-eabi/14.2.0/thumb/v7-m/nofp/libgcc.a
LOAD /usr/lib/gcc/arm-none-eabi/14.2.0/../../../../arm-none-eabi/lib/thumb/v7-m/nofp/libnosys.a
END GROUP
START GROUP
LOAD /usr/lib/gcc/arm-none-eabi/14.2.0/thumb/v7-m/nofp/libgcc.a
LOAD /usr/lib/gcc/arm-none-eabi/14.2.0/../../../../arm-none-eabi/lib/thumb/v7-m/nofp/libg.a
LOAD /usr/lib/gcc/arm-none-eabi/14.2.0/../../../../arm-none-eabi/lib/thumb/v7-m/nofp/libc.a
END GROUP

.text           0x08000000      0xf64
 *(.vectors)
 .vectors       0x08000000      0x150 ../../libopencm3//lib/libopencm3_stm32f1.a(vector.o)
                0x08000000                vector_table
 *(.text*)
 .text.gpio_setup
                0x08000150       0x38 test-mic.o
                0x08000150                gpio_setup
 .text.adc_setup
                0x08000188       0x40 test-mic.o
                0x08000188                adc_setup
 .text.read_adc
                0x080001c8       0x1c test-mic.o
                0x080001c8                read_adc
 .text.pwm_setup
                0x080001e4       0x68 test-mic.o
                0x080001e4                pwm_setup
 .text.get_amplitude
                0x0800024c       0x2a test-mic.o
                0x0800024c                get_amplitude
 *fill*         0x08000276        0x2 
 .text.set_color
                0x08000278       0xc8 test-mic.o
                0x08000278                set_color
 .text.startup.main
                0x08000340       0x34 test-mic.o
                0x08000340                main
 .text.adc_power_on
                0x08000374       0x10 ../../libopencm3//lib/libopencm3_stm32f1.a(adc.o)
                0x08000374                adc_power_on
 .text.adc_set_sample_time
                0x08000384       0x34 ../../libopencm3//lib/libopencm3_stm32f1.a(adc.o)
                0x08000384                adc_set_sample_time
 .text.adc_power_off
                0x080003b8        0xa ../../libopencm3//lib/libopencm3_stm32f1.a(adc_common_v1.o)
                0x080003b8                adc_power_off
 .text.adc_eoc  0x080003c2        0x8 ../../libopencm3//lib/libopencm3_stm32f1.a(adc_common_v1.o)
                0x080003c2                adc_eoc
 .text.adc_read_regular
                0x080003ca        0x4 ../../libopencm3//lib/libopencm3_stm32f1.a(adc_common_v1.o)
                0x080003ca                adc_read_regular
 .text.adc_set_continuous_conversion_mode
                0x080003ce        0xa ../../libopencm3//lib/libopencm3_stm32f1.a(adc_common_v1.o)
                0x080003ce                adc_set_continuous_conversion_mode
 .text.adc_set_regular_sequence
                0x080003d8       0x5c ../../libopencm3//lib/libopencm3_stm32f1.a(adc_common_v1.o)
                0x080003d8                adc_set_regular_sequence
 .text.adc_start_conversion_regular
                0x08000434       0x14 ../../libopencm3//lib/libopencm3_stm32f1.a(adc_common_v1.o)
                0x08000434                adc_start_conversion_regular
 .text.gpio_set_mode
                0x08000448       0x6a ../../libopencm3//lib/libopencm3_stm32f1.a(gpio.o)
                0x08000448                gpio_set_mode
 .text.rcc_periph_clock_enable
                0x080004b2       0x1a ../../libopencm3//lib/libopencm3_stm32f1.a(rcc_common_all.o)
                0x080004b2                rcc_periph_clock_enable
 .text.timer_enable_preload
                0x080004cc        0xa ../../libopencm3//lib/libopencm3_stm32f1.a(timer_common_all.o)
                0x080004cc                timer_enable_preload
 .text.timer_enable_counter
                0x080004d6        0xa ../../libopencm3//lib/libopencm3_stm32f1.a(timer_common_all.o)
                0x080004d6                timer_enable_counter
 .text.timer_set_prescaler
                0x080004e0        0x4 ../../libopencm3//lib/libopencm3_stm32f1.a(timer_common_all.o)
                0x080004e0                timer_set_prescaler
 .text.timer_set_period
                0x080004e4        0x4 ../../libopencm3//lib/libopencm3_stm32f1.a(timer_common_all.o)
                0x080004e4                timer_set_period
 .text.timer_set_oc_mode
                0x080004e8      0x18c ../../libopencm3//lib/libopencm3_stm32f1.a(timer_common_all.o)
                0x080004e8                timer_set_oc_mode
 .text.timer_enable_oc_output
                0x08000674       0x4a ../../libopencm3//lib/libopencm3_stm32f1.a(timer_common_all.o)
                0x08000674                timer_enable_oc_output
 .text.timer_set_oc_value
                0x080006be       0x20 ../../libopencm3//lib/libopencm3_stm32f1.a(timer_common_all.o)
                0x080006be                timer_set_oc_value
 .text.blocking_handler
                0x080006de        0x2 ../../libopencm3//lib/libopencm3_stm32f1.a(vector.o)
                0x080006de                usart3_isr
                0x080006de                rtc_isr
                0x080006de                tim7_isr
                0x080006de                adc1_2_isr
                0x080006de                tim1_trg_com_isr
                0x080006de                usb_hp_can_tx_isr
                0x080006de                tim6_isr
                0x080006de                usb_wakeup_isr
                0x080006de                blocking_handler
                0x080006de                tim5_isr
                0x080006de                otg_fs_isr
                0x080006de                spi1_isr
                0x080006de                exti2_isr
                0x080006de                dma1_channel6_isr
                0x080006de                can_rx1_isr
                0x080006de                dma1_channel5_isr
                0x080006de                dma2_channel5_isr
                0x080006de                usart1_isr
                0x080006de                usage_fault_handler
                0x080006de                tim8_trg_com_isr
                0x080006de                can2_rx0_isr
                0x080006de                tim1_brk_isr
                0x080006de                can2_rx1_isr
                0x080006de                tim1_cc_isr
                0x080006de                sdio_isr
                0x080006de                eth_isr
                0x080006de                dma1_channel4_isr
                0x080006de                tim8_brk_isr
                0x080006de                dma2_channel4_5_isr
                0x080006de                pvd_isr
                0x080006de                rcc_isr
                0x080006de                flash_isr
                0x080006de                uart4_isr
                0x080006de                rtc_alarm_isr
                0x080006de                exti15_10_isr
                0x080006de                hard_fault_handler
                0x080006de                exti1_isr
                0x080006de                i2c1_ev_isr
                0x080006de                dma2_channel1_isr
                0x080006de                spi2_isr
                0x080006de                tim8_up_isr
                0x080006de                dma2_channel2_isr
                0x080006de                exti3_isr
                0x080006de                adc3_isr
                0x080006de                tim3_isr
                0x080006de                usart2_isr
                0x080006de                usb_lp_can_rx0_isr
                0x080006de                i2c2_er_isr
                0x080006de                i2c2_ev_isr
                0x080006de                uart5_isr
                0x080006de                fsmc_isr
                0x080006de                dma1_channel1_isr
                0x080006de                exti4_isr
                0x080006de                mem_manage_handler
                0x080006de                can2_tx_isr
                0x080006de                exti9_5_isr
                0x080006de                dma2_channel3_isr
                0x080006de                dma1_channel7_isr
                0x080006de                tim1_up_isr
                0x080006de                can2_sce_isr
                0x080006de                tim4_isr
                0x080006de                dma1_channel2_isr
                0x080006de                i2c1_er_isr
                0x080006de                can_sce_isr
                0x080006de                tim8_cc_isr
                0x080006de                tamper_isr
                0x080006de                eth_wkup_isr
                0x080006de                bus_fault_handler
                0x080006de                wwdg_isr
                0x080006de                dma1_channel3_isr
                0x080006de                spi3_isr
                0x080006de                tim2_isr
                0x080006de                exti0_isr
 .text.null_handler
                0x080006e0        0x2 ../../libopencm3//lib/libopencm3_stm32f1.a(vector.o)
                0x080006e0                null_handler
                0x080006e0                sv_call_handler
                0x080006e0                pend_sv_handler
                0x080006e0                debug_monitor_handler
                0x080006e0                sys_tick_handler
                0x080006e0                nmi_handler
 *fill*         0x080006e2        0x2 
 .text.reset_handler
                0x080006e4       0x94 ../../libopencm3//lib/libopencm3_stm32f1.a(vector.o)
                0x080006e4                reset_handler
 .text          0x08000778      0x378 /usr/lib/gcc/arm-none-eabi/14.2.0/thumb/v7-m/nofp/libgcc.a(_arm_addsubdf3.o)
                0x08000778                __aeabi_drsub
                0x08000780                __aeabi_dsub
                0x08000780                __subdf3
                0x08000784                __adddf3
                0x08000784                __aeabi_dadd
                0x080009fc                __aeabi_ui2d
                0x080009fc                __floatunsidf
                0x08000a1c                __floatsidf
                0x08000a1c                __aeabi_i2d
                0x08000a40                __extendsfdf2
                0x08000a40                __aeabi_f2d
                0x08000a84                __aeabi_ul2d
                0x08000a84                __floatundidf
                0x08000a94                __floatdidf
                0x08000a94                __aeabi_l2d
 .text          0x08000af0      0x424 /usr/lib/gcc/arm-none-eabi/14.2.0/thumb/v7-m/nofp/libgcc.a(_arm_muldivdf3.o)
                0x08000af0                __aeabi_dmul
                0x08000af0                __muldf3
                0x08000d44                __aeabi_ddiv
                0x08000d44                __divdf3
 .text          0x08000f14       0x50 /usr/lib/gcc/arm-none-eabi/14.2.0/thumb/v7-m/nofp/libgcc.a(_arm_fixdfsi.o)
                0x08000f14                __fixdfsi
                0x08000f14                __aeabi_d2iz
                0x08000f64                        . = ALIGN (0x4)
 *(.rodata*)
                0x08000f64                        . = ALIGN (0x4)

.glue_7         0x08000f64        0x0
 .glue_7        0x08000f64        0x0 linker stubs

.glue_7t        0x08000f64        0x0
 .glue_7t       0x08000f64        0x0 linker stubs

.vfp11_veneer   0x08000f64        0x0
 .vfp11_veneer  0x08000f64        0x0 linker stubs

.v4_bx          0x08000f64        0x0
 .v4_bx         0x08000f64        0x0 linker stubs

.iplt           0x08000f64        0x0
 .iplt          0x08000f64        0x0 test-mic.o

.rel.dyn        0x08000f64        0x0
 .rel.iplt      0x08000f64        0x0 test-mic.o

.preinit_array  0x08000f64        0x0
                0x08000f64                        . = ALIGN (0x4)
                0x08000f64                        __preinit_array_start = .
 *(.preinit_array)
                0x08000f64                        __preinit_array_end = .

.init_array     0x08000f64        0x0
                0x08000f64                        . = ALIGN (0x4)
                0x08000f64                        __init_array_start = .
 *(SORT_BY_NAME(.init_array.*))
 *(.init_array)
                0x08000f64                        __init_array_end = .

.fini_array     0x08000f64        0x0
                0x08000f64                        . = ALIGN (0x4)
                0x08000f64                        __fini_array_start = .
 *(.fini_array)
 *(SORT_BY_NAME(.fini_array.*))
                0x08000f64                        __fini_array_end = .

.ARM.extab
 *(.ARM.extab*)

.ARM.exidx      0x08000f64        0x0
                0x08000f64                        __exidx_start = .
 *(.ARM.exidx*)
                0x08000f64                        __exidx_end = .
                0x08000f64                        . = ALIGN (0x4)
                0x08000f64                        _etext = .

.noinit
 *(.noinit*)
                0x08000f64                        . = ALIGN (0x4)

.data           0x20000000        0x0 load address 0x08000f64
                0x20000000                        _data = .
 *(.data*)
 *(.ramtext*)
                0x20000000                        . = ALIGN (0x4)
                0x20000000                        _edata = .
                0x08000f64                        _data_loadaddr = LOADADDR (.data)

.igot.plt       0x20000000        0x0 load address 0x08000f64
 .igot.plt      0x20000000        0x0 test-mic.o

.bss            0x20000000        0x0 load address 0x08000f64
 *(.bss*)
 *(COMMON)
                0x20000000                        . = ALIGN (0x4)
                0x20000000                        _ebss = .

/DISCARD/
 *(.eh_frame)
                0x20000000                        . = ALIGN (0x4)
                0x20000000                        end = .
                0x20005000                        PROVIDE (_stack = (ORIGIN (ram) + LENGTH (ram)))
OUTPUT(test-mic.elf elf32-littlearm)
LOAD linker stubs

.debug_info     0x00000000     0x31ff
 .debug_info    0x00000000      0x9d8 test-mic.o
 .debug_info    0x000009d8      0x397 ../../libopencm3//lib/libopencm3_stm32f1.a(adc.o)
 .debug_info    0x00000d6f      0x858 ../../libopencm3//lib/libopencm3_stm32f1.a(adc_common_v1.o)
 .debug_info    0x000015c7      0x1fd ../../libopencm3//lib/libopencm3_stm32f1.a(gpio.o)
 .debug_info    0x000017c4      0x60d ../../libopencm3//lib/libopencm3_stm32f1.a(rcc_common_all.o)
 .debug_info    0x00001dd1     0x1004 ../../libopencm3//lib/libopencm3_stm32f1.a(timer_common_all.o)
 .debug_info    0x00002dd5      0x2c4 ../../libopencm3//lib/libopencm3_stm32f1.a(vector.o)
 .debug_info    0x00003099       0xd3 /usr/lib/gcc/arm-none-eabi/14.2.0/thumb/v7-m/nofp/libgcc.a(_arm_addsubdf3.o)
 .debug_info    0x0000316c       0x57 /usr/lib/gcc/arm-none-eabi/14.2.0/thumb/v7-m/nofp/libgcc.a(_arm_muldivdf3.o)
 .debug_info    0x000031c3       0x3c /usr/lib/gcc/arm-none-eabi/14.2.0/thumb/v7-m/nofp/libgcc.a(_arm_fixdfsi.o)

.debug_abbrev   0x00000000      0xab5
 .debug_abbrev  0x00000000      0x1b0 test-mic.o
 .debug_abbrev  0x000001b0      0x195 ../../libopencm3//lib/libopencm3_stm32f1.a(adc.o)
 .debug_abbrev  0x00000345      0x1ab ../../libopencm3//lib/libopencm3_stm32f1.a(adc_common_v1.o)
 .debug_abbrev  0x000004f0       0xd3 ../../libopencm3//lib/libopencm3_stm32f1.a(gpio.o)
 .debug_abbrev  0x000005c3      0x185 ../../libopencm3//lib/libopencm3_stm32f1.a(rcc_common_all.o)
 .debug_abbrev  0x00000748      0x1ac ../../libopencm3//lib/libopencm3_stm32f1.a(timer_common_all.o)
 .debug_abbrev  0x000008f4      0x149 ../../libopencm3//lib/libopencm3_stm32f1.a(vector.o)
 .debug_abbrev  0x00000a3d       0x28 /usr/lib/gcc/arm-none-eabi/14.2.0/thumb/v7-m/nofp/libgcc.a(_arm_addsubdf3.o)
 .debug_abbrev  0x00000a65       0x28 /usr/lib/gcc/arm-none-eabi/14.2.0/thumb/v7-m/nofp/libgcc.a(_arm_muldivdf3.o)
 .debug_abbrev  0x00000a8d       0x28 /usr/lib/gcc/arm-none-eabi/14.2.0/thumb/v7-m/nofp/libgcc.a(_arm_fixdfsi.o)

.debug_loclists
                0x00000000      0xa1a
 .debug_loclists
                0x00000000      0x18d test-mic.o
 .debug_loclists
                0x0000018d      0x164 ../../libopencm3//lib/libopencm3_stm32f1.a(adc.o)
 .debug_loclists
                0x000002f1      0x325 ../../libopencm3//lib/libopencm3_stm32f1.a(adc_common_v1.o)
 .debug_loclists
                0x00000616      0x100 ../../libopencm3//lib/libopencm3_stm32f1.a(gpio.o)
 .debug_loclists
                0x00000716       0x87 ../../libopencm3//lib/libopencm3_stm32f1.a(rcc_common_all.o)
 .debug_loclists
                0x0000079d      0x1d5 ../../libopencm3//lib/libopencm3_stm32f1.a(timer_common_all.o)
 .debug_loclists
                0x00000972       0xa8 ../../libopencm3//lib/libopencm3_stm32f1.a(vector.o)

.debug_aranges  0x00000000      0x608
 .debug_aranges
                0x00000000       0x58 test-mic.o
 .debug_aranges
                0x00000058       0x98 ../../libopencm3//lib/libopencm3_stm32f1.a(adc.o)
 .debug_aranges
                0x000000f0      0x158 ../../libopencm3//lib/libopencm3_stm32f1.a(adc_common_v1.o)
 .debug_aranges
                0x00000248       0x38 ../../libopencm3//lib/libopencm3_stm32f1.a(gpio.o)
 .debug_aranges
                0x00000280       0x80 ../../libopencm3//lib/libopencm3_stm32f1.a(rcc_common_all.o)
 .debug_aranges
                0x00000300      0x278 ../../libopencm3//lib/libopencm3_stm32f1.a(timer_common_all.o)
 .debug_aranges
                0x00000578       0x30 ../../libopencm3//lib/libopencm3_stm32f1.a(vector.o)
 .debug_aranges
                0x000005a8       0x20 /usr/lib/gcc/arm-none-eabi/14.2.0/thumb/v7-m/nofp/libgcc.a(_arm_addsubdf3.o)
 .debug_aranges
                0x000005c8       0x20 /usr/lib/gcc/arm-none-eabi/14.2.0/thumb/v7-m/nofp/libgcc.a(_arm_muldivdf3.o)
 .debug_aranges
                0x000005e8       0x20 /usr/lib/gcc/arm-none-eabi/14.2.0/thumb/v7-m/nofp/libgcc.a(_arm_fixdfsi.o)

.debug_rnglists
                0x00000000      0x436
 .debug_rnglists
                0x00000000       0x56 test-mic.o
 .debug_rnglists
                0x00000056       0x6d ../../libopencm3//lib/libopencm3_stm32f1.a(adc.o)
 .debug_rnglists
                0x000000c3       0xfd ../../libopencm3//lib/libopencm3_stm32f1.a(adc_common_v1.o)
 .debug_rnglists
                0x000001c0       0x25 ../../libopencm3//lib/libopencm3_stm32f1.a(gpio.o)
 .debug_rnglists
                0x000001e5       0x5b ../../libopencm3//lib/libopencm3_stm32f1.a(rcc_common_all.o)
 .debug_rnglists
                0x00000240      0x1d6 ../../libopencm3//lib/libopencm3_stm32f1.a(timer_common_all.o)
 .debug_rnglists
                0x00000416       0x20 ../../libopencm3//lib/libopencm3_stm32f1.a(vector.o)

.debug_macro    0x00000000     0x4d37
 .debug_macro   0x00000000      0x14b test-mic.o
 .debug_macro   0x0000014b      0xac0 test-mic.o
 .debug_macro   0x00000c0b       0x1c test-mic.o
 .debug_macro   0x00000c27       0x22 test-mic.o
 .debug_macro   0x00000c49       0x56 test-mic.o
 .debug_macro   0x00000c9f       0x51 test-mic.o
 .debug_macro   0x00000cf0      0x103 test-mic.o
 .debug_macro   0x00000df3       0x6a test-mic.o
 .debug_macro   0x00000e5d      0x1df test-mic.o
 .debug_macro   0x0000103c       0x22 test-mic.o
 .debug_macro   0x0000105e       0xe8 test-mic.o
 .debug_macro   0x00001146       0x76 test-mic.o
 .debug_macro   0x000011bc      0x1b4 test-mic.o
 .debug_macro   0x00001370      0x449 test-mic.o
 .debug_macro   0x000017b9      0x456 test-mic.o
 .debug_macro   0x00001c0f       0x76 test-mic.o
 .debug_macro   0x00001c85      0xe2e test-mic.o
 .debug_macro   0x00002ab3      0x8c6 test-mic.o
 .debug_macro   0x00003379      0xf8f test-mic.o
 .debug_macro   0x00004308       0xb8 ../../libopencm3//lib/libopencm3_stm32f1.a(adc.o)
 .debug_macro   0x000043c0       0xb8 ../../libopencm3//lib/libopencm3_stm32f1.a(adc_common_v1.o)
 .debug_macro   0x00004478       0xb8 ../../libopencm3//lib/libopencm3_stm32f1.a(gpio.o)
 .debug_macro   0x00004530       0xce ../../libopencm3//lib/libopencm3_stm32f1.a(rcc_common_all.o)
 .debug_macro   0x000045fe       0xc5 ../../libopencm3//lib/libopencm3_stm32f1.a(timer_common_all.o)
 .debug_macro   0x000046c3       0xcf ../../libopencm3//lib/libopencm3_stm32f1.a(vector.o)
 .debug_macro   0x00004792      0x395 ../../libopencm3//lib/libopencm3_stm32f1.a(vector.o)
 .debug_macro   0x00004b27       0x6e ../../libopencm3//lib/libopencm3_stm32f1.a(vector.o)
 .debug_macro   0x00004b95      0x1a2 ../../libopencm3//lib/libopencm3_stm32f1.a(vector.o)

.debug_line     0x00000000     0x3048
 .debug_line    0x00000000      0x4fa test-mic.o
 .debug_line    0x000004fa      0x51d ../../libopencm3//lib/libopencm3_stm32f1.a(adc.o)
 .debug_line    0x00000a17      0x81d ../../libopencm3//lib/libopencm3_stm32f1.a(adc_common_v1.o)
 .debug_line    0x00001234      0x37c ../../libopencm3//lib/libopencm3_stm32f1.a(gpio.o)
 .debug_line    0x000015b0      0x3dc ../../libopencm3//lib/libopencm3_stm32f1.a(rcc_common_all.o)
 .debug_line    0x0000198c     0x1017 ../../libopencm3//lib/libopencm3_stm32f1.a(timer_common_all.o)
 .debug_line    0x000029a3      0x350 ../../libopencm3//lib/libopencm3_stm32f1.a(vector.o)
 .debug_line    0x00002cf3      0x16f /usr/lib/gcc/arm-none-eabi/14.2.0/thumb/v7-m/nofp/libgcc.a(_arm_addsubdf3.o)
 .debug_line    0x00002e62      0x184 /usr/lib/gcc/arm-none-eabi/14.2.0/thumb/v7-m/nofp/libgcc.a(_arm_muldivdf3.o)
 .debug_line    0x00002fe6       0x62 /usr/lib/gcc/arm-none-eabi/14.2.0/thumb/v7-m/nofp/libgcc.a(_arm_fixdfsi.o)

.debug_str      0x00000000    0x150c8
 .debug_str     0x00000000    0x150c8 test-mic.o
                              0x117ef (size before relaxing)
 .debug_str     0x000150c8     0x74c9 ../../libopencm3//lib/libopencm3_stm32f1.a(adc.o)
 .debug_str     0x000150c8     0x781a ../../libopencm3//lib/libopencm3_stm32f1.a(adc_common_v1.o)
 .debug_str     0x000150c8     0x86cd ../../libopencm3//lib/libopencm3_stm32f1.a(gpio.o)
 .debug_str     0x000150c8     0x7a30 ../../libopencm3//lib/libopencm3_stm32f1.a(rcc_common_all.o)
 .debug_str     0x000150c8     0xbfcc ../../libopencm3//lib/libopencm3_stm32f1.a(timer_common_all.o)
 .debug_str     0x000150c8     0x6707 ../../libopencm3//lib/libopencm3_stm32f1.a(vector.o)
 .debug_str     0x000150c8      0x14b /usr/lib/gcc/arm-none-eabi/14.2.0/thumb/v7-m/nofp/libgcc.a(_arm_addsubdf3.o)
 .debug_str     0x000150c8       0xcb /usr/lib/gcc/arm-none-eabi/14.2.0/thumb/v7-m/nofp/libgcc.a(_arm_muldivdf3.o)
 .debug_str     0x000150c8       0xb6 /usr/lib/gcc/arm-none-eabi/14.2.0/thumb/v7-m/nofp/libgcc.a(_arm_fixdfsi.o)

.comment        0x00000000       0x1e
 .comment       0x00000000       0x1e test-mic.o
                                 0x1f (size before relaxing)
 .comment       0x0000001e       0x1f ../../libopencm3//lib/libopencm3_stm32f1.a(adc.o)
 .comment       0x0000001e       0x1f ../../libopencm3//lib/libopencm3_stm32f1.a(adc_common_v1.o)
 .comment       0x0000001e       0x1f ../../libopencm3//lib/libopencm3_stm32f1.a(gpio.o)
 .comment       0x0000001e       0x1f ../../libopencm3//lib/libopencm3_stm32f1.a(rcc_common_all.o)
 .comment       0x0000001e       0x1f ../../libopencm3//lib/libopencm3_stm32f1.a(timer_common_all.o)
 .comment       0x0000001e       0x1f ../../libopencm3//lib/libopencm3_stm32f1.a(vector.o)

.ARM.attributes
                0x00000000       0x2d
 .ARM.attributes
                0x00000000       0x2d test-mic.o
 .ARM.attributes
                0x0000002d       0x2d ../../libopencm3//lib/libopencm3_stm32f1.a(adc.o)
 .ARM.attributes
                0x0000005a       0x2d ../../libopencm3//lib/libopencm3_stm32f1.a(adc_common_v1.o)
 .ARM.attributes
                0x00000087       0x2d ../../libopencm3//lib/libopencm3_stm32f1.a(gpio.o)
 .ARM.attributes
                0x000000b4       0x2d ../../libopencm3//lib/libopencm3_stm32f1.a(rcc_common_all.o)
 .ARM.attributes
                0x000000e1       0x2d ../../libopencm3//lib/libopencm3_stm32f1.a(timer_common_all.o)
 .ARM.attributes
                0x0000010e       0x2d ../../libopencm3//lib/libopencm3_stm32f1.a(vector.o)
 .ARM.attributes
                0x0000013b       0x1d /usr/lib/gcc/arm-none-eabi/14.2.0/thumb/v7-m/nofp/libgcc.a(_arm_addsubdf3.o)
 .ARM.attributes
                0x00000158       0x1d /usr/lib/gcc/arm-none-eabi/14.2.0/thumb/v7-m/nofp/libgcc.a(_arm_muldivdf3.o)
 .ARM.attributes
                0x00000175       0x1d /usr/lib/gcc/arm-none-eabi/14.2.0/thumb/v7-m/nofp/libgcc.a(_arm_fixdfsi.o)

.debug_frame    0x00000000      0xc4c
 .debug_frame   0x00000000       0xe8 test-mic.o
 .debug_frame   0x000000e8      0x128 ../../libopencm3//lib/libopencm3_stm32f1.a(adc.o)
 .debug_frame   0x00000210      0x2b4 ../../libopencm3//lib/libopencm3_stm32f1.a(adc_common_v1.o)
 .debug_frame   0x000004c4       0x64 ../../libopencm3//lib/libopencm3_stm32f1.a(gpio.o)
 .debug_frame   0x00000528       0xe0 ../../libopencm3//lib/libopencm3_stm32f1.a(rcc_common_all.o)
 .debug_frame   0x00000608      0x4d8 ../../libopencm3//lib/libopencm3_stm32f1.a(timer_common_all.o)
 .debug_frame   0x00000ae0       0x4c ../../libopencm3//lib/libopencm3_stm32f1.a(vector.o)
 .debug_frame   0x00000b2c       0xac /usr/lib/gcc/arm-none-eabi/14.2.0/thumb/v7-m/nofp/libgcc.a(_arm_addsubdf3.o)
 .debug_frame   0x00000bd8       0x50 /usr/lib/gcc/arm-none-eabi/14.2.0/thumb/v7-m/nofp/libgcc.a(_arm_muldivdf3.o)
 .debug_frame   0x00000c28       0x24 /usr/lib/gcc/arm-none-eabi/14.2.0/thumb/v7-m/nofp/libgcc.a(_arm_fixdfsi.o)

.debug_line_str
                0x00000000       0x93
 .debug_line_str
                0x00000000       0x93 /usr/lib/gcc/arm-none-eabi/14.2.0/thumb/v7-m/nofp/libgcc.a(_arm_addsubdf3.o)
 .debug_line_str
                0x00000093       0x93 /usr/lib/gcc/arm-none-eabi/14.2.0/thumb/v7-m/nofp/libgcc.a(_arm_muldivdf3.o)
 .debug_line_str
                0x00000093       0x93 /usr/lib/gcc/arm-none-eabi/14.2.0/thumb/v7-m/nofp/libgcc.a(_arm_fixdfsi.o)

Cross Reference Table

Symbol                                            File
__adddf3                                          /usr/lib/gcc/arm-none-eabi/14.2.0/thumb/v7-m/nofp/libgcc.a(_arm_addsubdf3.o)
__aeabi_d2iz                                      /usr/lib/gcc/arm-none-eabi/14.2.0/thumb/v7-m/nofp/libgcc.a(_arm_fixdfsi.o)
                                                  test-mic.o
__aeabi_dadd                                      /usr/lib/gcc/arm-none-eabi/14.2.0/thumb/v7-m/nofp/libgcc.a(_arm_addsubdf3.o)
__aeabi_ddiv                                      /usr/lib/gcc/arm-none-eabi/14.2.0/thumb/v7-m/nofp/libgcc.a(_arm_muldivdf3.o)
                                                  test-mic.o
__aeabi_dmul                                      /usr/lib/gcc/arm-none-eabi/14.2.0/thumb/v7-m/nofp/libgcc.a(_arm_muldivdf3.o)
                                                  /usr/lib/gcc/arm-none-eabi/14.2.0/thumb/v7-m/nofp/libgcc.a(_arm_muldf3.o)
                                                  test-mic.o
__aeabi_drsub                                     /usr/lib/gcc/arm-none-eabi/14.2.0/thumb/v7-m/nofp/libgcc.a(_arm_addsubdf3.o)
__aeabi_dsub                                      /usr/lib/gcc/arm-none-eabi/14.2.0/thumb/v7-m/nofp/libgcc.a(_arm_addsubdf3.o)
__aeabi_f2d                                       /usr/lib/gcc/arm-none-eabi/14.2.0/thumb/v7-m/nofp/libgcc.a(_arm_addsubdf3.o)
__aeabi_i2d                                       /usr/lib/gcc/arm-none-eabi/14.2.0/thumb/v7-m/nofp/libgcc.a(_arm_addsubdf3.o)
                                                  test-mic.o
__aeabi_l2d                                       /usr/lib/gcc/arm-none-eabi/14.2.0/thumb/v7-m/nofp/libgcc.a(_arm_addsubdf3.o)
__aeabi_ui2d                                      /usr/lib/gcc/arm-none-eabi/14.2.0/thumb/v7-m/nofp/libgcc.a(_arm_addsubdf3.o)
__aeabi_ul2d                                      /usr/lib/gcc/arm-none-eabi/14.2.0/thumb/v7-m/nofp/libgcc.a(_arm_addsubdf3.o)
__divdf3                                          /usr/lib/gcc/arm-none-eabi/14.2.0/thumb/v7-m/nofp/libgcc.a(_arm_muldivdf3.o)
__extendsfdf2                                     /usr/lib/gcc/arm-none-eabi/14.2.0/thumb/v7-m/nofp/libgcc.a(_arm_addsubdf3.o)
__fini_array_end                                  ../../libopencm3//lib/libopencm3_stm32f1.a(vector.o)
__fini_array_start                                ../../libopencm3//lib/libopencm3_stm32f1.a(vector.o)
__fixdfsi                                         /usr/lib/gcc/arm-none-eabi/14.2.0/thumb/v7-m/nofp/libgcc.a(_arm_fixdfsi.o)
__floatdidf                                       /usr/lib/gcc/arm-none-eabi/14.2.0/thumb/v7-m/nofp/libgcc.a(_arm_addsubdf3.o)
__floatsidf                                       /usr/lib/gcc/arm-none-eabi/14.2.0/thumb/v7-m/nofp/libgcc.a(_arm_addsubdf3.o)
__floatundidf                                     /usr/lib/gcc/arm-none-eabi/14.2.0/thumb/v7-m/nofp/libgcc.a(_arm_addsubdf3.o)
__floatunsidf                                     /usr/lib/gcc/arm-none-eabi/14.2.0/thumb/v7-m/nofp/libgcc.a(_arm_addsubdf3.o)
__init_array_end                                  ../../libopencm3//lib/libopencm3_stm32f1.a(vector.o)
__init_array_start                                ../../libopencm3//lib/libopencm3_stm32f1.a(vector.o)
__muldf3                                          /usr/lib/gcc/arm-none-eabi/14.2.0/thumb/v7-m/nofp/libgcc.a(_arm_muldivdf3.o)
                                                  /usr/lib/gcc/arm-none-eabi/14.2.0/thumb/v7-m/nofp/libgcc.a(_arm_muldf3.o)
__preinit_array_end                               ../../libopencm3//lib/libopencm3_stm32f1.a(vector.o)
__preinit_array_start                             ../../libopencm3//lib/libopencm3_stm32f1.a(vector.o)
__subdf3                                          /usr/lib/gcc/arm-none-eabi/14.2.0/thumb/v7-m/nofp/libgcc.a(_arm_addsubdf3.o)
_data                                             ../../libopencm3//lib/libopencm3_stm32f1.a(vector.o)
_data_loadaddr                                    ../../libopencm3//lib/libopencm3_stm32f1.a(vector.o)
_ebss                                             ../../libopencm3//lib/libopencm3_stm32f1.a(vector.o)
_edata                                            ../../libopencm3//lib/libopencm3_stm32f1.a(vector.o)
_stack                                            ../../libopencm3//lib/libopencm3_stm32f1.a(vector.o)
adc1_2_isr                                        ../../libopencm3//lib/libopencm3_stm32f1.a(vector.o)
adc3_isr                                          ../../libopencm3//lib/libopencm3_stm32f1.a(vector.o)
adc_calibrate                                     ../../libopencm3//lib/libopencm3_stm32f1.a(adc.o)
adc_calibrate_async                               ../../libopencm3//lib/libopencm3_stm32f1.a(adc.o)
adc_calibration                                   ../../libopencm3//lib/libopencm3_stm32f1.a(adc.o)
adc_clear_flag                                    ../../libopencm3//lib/libopencm3_stm32f1.a(adc_common_v1.o)
adc_disable_analog_watchdog_injected              ../../libopencm3//lib/libopencm3_stm32f1.a(adc_common_v1.o)
adc_disable_analog_watchdog_regular               ../../libopencm3//lib/libopencm3_stm32f1.a(adc_common_v1.o)
adc_disable_automatic_injected_group_conversion   ../../libopencm3//lib/libopencm3_stm32f1.a(adc_common_v1.o)
adc_disable_awd_interrupt                         ../../libopencm3//lib/libopencm3_stm32f1.a(adc_common_v1.o)
adc_disable_discontinuous_mode_injected           ../../libopencm3//lib/libopencm3_stm32f1.a(adc_common_v1.o)
adc_disable_discontinuous_mode_regular            ../../libopencm3//lib/libopencm3_stm32f1.a(adc_common_v1.o)
adc_disable_dma                                   ../../libopencm3//lib/libopencm3_stm32f1.a(adc_common_v1.o)
adc_disable_eoc_interrupt                         ../../libopencm3//lib/libopencm3_stm32f1.a(adc_common_v1.o)
adc_disable_eoc_interrupt_injected                ../../libopencm3//lib/libopencm3_stm32f1.a(adc_common_v1.o)
adc_disable_external_trigger_injected             ../../libopencm3//lib/libopencm3_stm32f1.a(adc.o)
                                                  ../../libopencm3//lib/libopencm3_stm32f1.a(adc_common_v1.o)
adc_disable_external_trigger_regular              ../../libopencm3//lib/libopencm3_stm32f1.a(adc.o)
adc_disable_scan_mode                             ../../libopencm3//lib/libopencm3_stm32f1.a(adc_common_v1.o)
adc_disable_temperature_sensor                    ../../libopencm3//lib/libopencm3_stm32f1.a(adc.o)
adc_enable_analog_watchdog_injected               ../../libopencm3//lib/libopencm3_stm32f1.a(adc_common_v1.o)
adc_enable_analog_watchdog_on_all_channels        ../../libopencm3//lib/libopencm3_stm32f1.a(adc_common_v1.o)
adc_enable_analog_watchdog_on_selected_channel    ../../libopencm3//lib/libopencm3_stm32f1.a(adc_common_v1.o)
adc_enable_analog_watchdog_regular                ../../libopencm3//lib/libopencm3_stm32f1.a(adc_common_v1.o)
adc_enable_automatic_injected_group_conversion    ../../libopencm3//lib/libopencm3_stm32f1.a(adc_common_v1.o)
adc_enable_awd_interrupt                          ../../libopencm3//lib/libopencm3_stm32f1.a(adc_common_v1.o)
adc_enable_discontinuous_mode_injected            ../../libopencm3//lib/libopencm3_stm32f1.a(adc_common_v1.o)
adc_enable_discontinuous_mode_regular             ../../libopencm3//lib/libopencm3_stm32f1.a(adc_common_v1.o)
adc_enable_dma                                    ../../libopencm3//lib/libopencm3_stm32f1.a(adc_common_v1.o)
adc_enable_eoc_interrupt                          ../../libopencm3//lib/libopencm3_stm32f1.a(adc_common_v1.o)
adc_enable_eoc_interrupt_injected                 ../../libopencm3//lib/libopencm3_stm32f1.a(adc_common_v1.o)
adc_enable_external_trigger_injected              ../../libopencm3//lib/libopencm3_stm32f1.a(adc.o)
adc_enable_external_trigger_regular               ../../libopencm3//lib/libopencm3_stm32f1.a(adc.o)
adc_enable_scan_mode                              ../../libopencm3//lib/libopencm3_stm32f1.a(adc_common_v1.o)
adc_enable_temperature_sensor                     ../../libopencm3//lib/libopencm3_stm32f1.a(adc.o)
adc_eoc                                           ../../libopencm3//lib/libopencm3_stm32f1.a(adc_common_v1.o)
                                                  test-mic.o
adc_eoc_injected                                  ../../libopencm3//lib/libopencm3_stm32f1.a(adc_common_v1.o)
adc_get_flag                                      ../../libopencm3//lib/libopencm3_stm32f1.a(adc_common_v1.o)
adc_is_calibrating                                ../../libopencm3//lib/libopencm3_stm32f1.a(adc.o)
adc_power_off                                     ../../libopencm3//lib/libopencm3_stm32f1.a(adc_common_v1.o)
                                                  test-mic.o
adc_power_on                                      ../../libopencm3//lib/libopencm3_stm32f1.a(adc.o)
                                                  test-mic.o
adc_read_injected                                 ../../libopencm3//lib/libopencm3_stm32f1.a(adc_common_v1.o)
adc_read_regular                                  ../../libopencm3//lib/libopencm3_stm32f1.a(adc_common_v1.o)
                                                  test-mic.o
adc_reset_calibration                             ../../libopencm3//lib/libopencm3_stm32f1.a(adc.o)
adc_set_continuous_conversion_mode                ../../libopencm3//lib/libopencm3_stm32f1.a(adc_common_v1.o)
                                                  test-mic.o
adc_set_dual_mode                                 ../../libopencm3//lib/libopencm3_stm32f1.a(adc.o)
adc_set_injected_offset                           ../../libopencm3//lib/libopencm3_stm32f1.a(adc_common_v1.o)
adc_set_injected_sequence                         ../../libopencm3//lib/libopencm3_stm32f1.a(adc_common_v1.o)
adc_set_left_aligned                              ../../libopencm3//lib/libopencm3_stm32f1.a(adc_common_v1.o)
adc_set_regular_sequence                          ../../libopencm3//lib/libopencm3_stm32f1.a(adc_common_v1.o)
                                                  test-mic.o
adc_set_right_aligned                             ../../libopencm3//lib/libopencm3_stm32f1.a(adc_common_v1.o)
adc_set_sample_time                               ../../libopencm3//lib/libopencm3_stm32f1.a(adc.o)
                                                  test-mic.o
adc_set_sample_time_on_all_channels               ../../libopencm3//lib/libopencm3_stm32f1.a(adc.o)
adc_set_single_conversion_mode                    ../../libopencm3//lib/libopencm3_stm32f1.a(adc_common_v1.o)
adc_set_watchdog_high_threshold                   ../../libopencm3//lib/libopencm3_stm32f1.a(adc_common_v1.o)
adc_set_watchdog_low_threshold                    ../../libopencm3//lib/libopencm3_stm32f1.a(adc_common_v1.o)
adc_setup                                         test-mic.o
adc_start_conversion_direct                       ../../libopencm3//lib/libopencm3_stm32f1.a(adc.o)
adc_start_conversion_injected                     ../../libopencm3//lib/libopencm3_stm32f1.a(adc_common_v1.o)
adc_start_conversion_regular                      ../../libopencm3//lib/libopencm3_stm32f1.a(adc_common_v1.o)
                                                  test-mic.o
blocking_handler                                  ../../libopencm3//lib/libopencm3_stm32f1.a(vector.o)
bus_fault_handler                                 ../../libopencm3//lib/libopencm3_stm32f1.a(vector.o)
can2_rx0_isr                                      ../../libopencm3//lib/libopencm3_stm32f1.a(vector.o)
can2_rx1_isr                                      ../../libopencm3//lib/libopencm3_stm32f1.a(vector.o)
can2_sce_isr                                      ../../libopencm3//lib/libopencm3_stm32f1.a(vector.o)
can2_tx_isr                                       ../../libopencm3//lib/libopencm3_stm32f1.a(vector.o)
can_rx1_isr                                       ../../libopencm3//lib/libopencm3_stm32f1.a(vector.o)
can_sce_isr                                       ../../libopencm3//lib/libopencm3_stm32f1.a(vector.o)
debug_monitor_handler                             ../../libopencm3//lib/libopencm3_stm32f1.a(vector.o)
dma1_channel1_isr                                 ../../libopencm3//lib/libopencm3_stm32f1.a(vector.o)
dma1_channel2_isr                                 ../../libopencm3//lib/libopencm3_stm32f1.a(vector.o)
dma1_channel3_isr                                 ../../libopencm3//lib/libopencm3_stm32f1.a(vector.o)
dma1_channel4_isr                                 ../../libopencm3//lib/libopencm3_stm32f1.a(vector.o)
dma1_channel5_isr                                 ../../libopencm3//lib/libopencm3_stm32f1.a(vector.o)
dma1_channel6_isr                                 ../../libopencm3//lib/libopencm3_stm32f1.a(vector.o)
dma1_channel7_isr                                 ../../libopencm3//lib/libopencm3_stm32f1.a(vector.o)
dma2_channel1_isr                                 ../../libopencm3//lib/libopencm3_stm32f1.a(vector.o)
dma2_channel2_isr                                 ../../libopencm3//lib/libopencm3_stm32f1.a(vector.o)
dma2_channel3_isr                                 ../../libopencm3//lib/libopencm3_stm32f1.a(vector.o)
dma2_channel4_5_isr                               ../../libopencm3//lib/libopencm3_stm32f1.a(vector.o)
dma2_channel5_isr                                 ../../libopencm3//lib/libopencm3_stm32f1.a(vector.o)
eth_isr                                           ../../libopencm3//lib/libopencm3_stm32f1.a(vector.o)
eth_wkup_isr                                      ../../libopencm3//lib/libopencm3_stm32f1.a(vector.o)
exti0_isr                                         ../../libopencm3//lib/libopencm3_stm32f1.a(vector.o)
exti15_10_isr                                     ../../libopencm3//lib/libopencm3_stm32f1.a(vector.o)
exti1_isr                                         ../../libopencm3//lib/libopencm3_stm32f1.a(vector.o)
exti2_isr                                         ../../libopencm3//lib/libopencm3_stm32f1.a(vector.o)
exti3_isr                                         ../../libopencm3//lib/libopencm3_stm32f1.a(vector.o)
exti4_isr                                         ../../libopencm3//lib/libopencm3_stm32f1.a(vector.o)
exti9_5_isr                                       ../../libopencm3//lib/libopencm3_stm32f1.a(vector.o)
flash_isr                                         ../../libopencm3//lib/libopencm3_stm32f1.a(vector.o)
fsmc_isr                                          ../../libopencm3//lib/libopencm3_stm32f1.a(vector.o)
get_amplitude                                     test-mic.o
gpio_primary_remap                                ../../libopencm3//lib/libopencm3_stm32f1.a(gpio.o)
gpio_secondary_remap                              ../../libopencm3//lib/libopencm3_stm32f1.a(gpio.o)
gpio_set_eventout                                 ../../libopencm3//lib/libopencm3_stm32f1.a(gpio.o)
gpio_set_mode                                     ../../libopencm3//lib/libopencm3_stm32f1.a(gpio.o)
                                                  test-mic.o
gpio_setup                                        test-mic.o
hard_fault_handler                                ../../libopencm3//lib/libopencm3_stm32f1.a(vector.o)
i2c1_er_isr                                       ../../libopencm3//lib/libopencm3_stm32f1.a(vector.o)
i2c1_ev_isr                                       ../../libopencm3//lib/libopencm3_stm32f1.a(vector.o)
i2c2_er_isr                                       ../../libopencm3//lib/libopencm3_stm32f1.a(vector.o)
i2c2_ev_isr                                       ../../libopencm3//lib/libopencm3_stm32f1.a(vector.o)
main                                              test-mic.o
                                                  ../../libopencm3//lib/libopencm3_stm32f1.a(vector.o)
mem_manage_handler                                ../../libopencm3//lib/libopencm3_stm32f1.a(vector.o)
nmi_handler                                       ../../libopencm3//lib/libopencm3_stm32f1.a(vector.o)
null_handler                                      ../../libopencm3//lib/libopencm3_stm32f1.a(vector.o)
otg_fs_isr                                        ../../libopencm3//lib/libopencm3_stm32f1.a(vector.o)
pend_sv_handler                                   ../../libopencm3//lib/libopencm3_stm32f1.a(vector.o)
pvd_isr                                           ../../libopencm3//lib/libopencm3_stm32f1.a(vector.o)
pwm_setup                                         test-mic.o
rcc_get_div_from_hpre                             ../../libopencm3//lib/libopencm3_stm32f1.a(rcc_common_all.o)
rcc_isr                                           ../../libopencm3//lib/libopencm3_stm32f1.a(vector.o)
rcc_osc_bypass_disable                            ../../libopencm3//lib/libopencm3_stm32f1.a(rcc_common_all.o)
rcc_osc_bypass_enable                             ../../libopencm3//lib/libopencm3_stm32f1.a(rcc_common_all.o)
rcc_periph_clock_disable                          ../../libopencm3//lib/libopencm3_stm32f1.a(rcc_common_all.o)
rcc_periph_clock_enable                           ../../libopencm3//lib/libopencm3_stm32f1.a(rcc_common_all.o)
                                                  test-mic.o
rcc_periph_reset_hold                             ../../libopencm3//lib/libopencm3_stm32f1.a(rcc_common_all.o)
rcc_periph_reset_pulse                            ../../libopencm3//lib/libopencm3_stm32f1.a(rcc_common_all.o)
rcc_periph_reset_release                          ../../libopencm3//lib/libopencm3_stm32f1.a(rcc_common_all.o)
rcc_peripheral_clear_reset                        ../../libopencm3//lib/libopencm3_stm32f1.a(rcc_common_all.o)
rcc_peripheral_disable_clock                      ../../libopencm3//lib/libopencm3_stm32f1.a(rcc_common_all.o)
rcc_peripheral_enable_clock                       ../../libopencm3//lib/libopencm3_stm32f1.a(rcc_common_all.o)
rcc_peripheral_reset                              ../../libopencm3//lib/libopencm3_stm32f1.a(rcc_common_all.o)
rcc_set_mco                                       ../../libopencm3//lib/libopencm3_stm32f1.a(rcc_common_all.o)
read_adc                                          test-mic.o
reset_handler                                     ../../libopencm3//lib/libopencm3_stm32f1.a(vector.o)
rtc_alarm_isr                                     ../../libopencm3//lib/libopencm3_stm32f1.a(vector.o)
rtc_isr                                           ../../libopencm3//lib/libopencm3_stm32f1.a(vector.o)
sdio_isr                                          ../../libopencm3//lib/libopencm3_stm32f1.a(vector.o)
set_color                                         test-mic.o
spi1_isr                                          ../../libopencm3//lib/libopencm3_stm32f1.a(vector.o)
spi2_isr                                          ../../libopencm3//lib/libopencm3_stm32f1.a(vector.o)
spi3_isr                                          ../../libopencm3//lib/libopencm3_stm32f1.a(vector.o)
sv_call_handler                                   ../../libopencm3//lib/libopencm3_stm32f1.a(vector.o)
sys_tick_handler                                  ../../libopencm3//lib/libopencm3_stm32f1.a(vector.o)
tamper_isr                                        ../../libopencm3//lib/libopencm3_stm32f1.a(vector.o)
tim1_brk_isr                                      ../../libopencm3//lib/libopencm3_stm32f1.a(vector.o)
tim1_cc_isr                                       ../../libopencm3//lib/libopencm3_stm32f1.a(vector.o)
tim1_trg_com_isr                                  ../../libopencm3//lib/libopencm3_stm32f1.a(vector.o)
tim1_up_isr                                       ../../libopencm3//lib/libopencm3_stm32f1.a(vector.o)
tim2_isr                                          ../../libopencm3//lib/libopencm3_stm32f1.a(vector.o)
tim3_isr                                          ../../libopencm3//lib/libopencm3_stm32f1.a(vector.o)
tim4_isr                                          ../../libopencm3//lib/libopencm3_stm32f1.a(vector.o)
tim5_isr                                          ../../libopencm3//lib/libopencm3_stm32f1.a(vector.o)
tim6_isr                                          ../../libopencm3//lib/libopencm3_stm32f1.a(vector.o)
tim7_isr                                          ../../libopencm3//lib/libopencm3_stm32f1.a(vector.o)
tim8_brk_isr                                      ../../libopencm3//lib/libopencm3_stm32f1.a(vector.o)
tim8_cc_isr                                       ../../libopencm3//lib/libopencm3_stm32f1.a(vector.o)
tim8_trg_com_isr                                  ../../libopencm3//lib/libopencm3_stm32f1.a(vector.o)
tim8_up_isr                                       ../../libopencm3//lib/libopencm3_stm32f1.a(vector.o)
timer_clear_flag                                  ../../libopencm3//lib/libopencm3_stm32f1.a(timer_common_all.o)
timer_continuous_mode                             ../../libopencm3//lib/libopencm3_stm32f1.a(timer_common_all.o)
timer_direction_down                              ../../libopencm3//lib/libopencm3_stm32f1.a(timer_common_all.o)
timer_direction_up                                ../../libopencm3//lib/libopencm3_stm32f1.a(timer_common_all.o)
timer_disable_break                               ../../libopencm3//lib/libopencm3_stm32f1.a(timer_common_all.o)
timer_disable_break_automatic_output              ../../libopencm3//lib/libopencm3_stm32f1.a(timer_common_all.o)
timer_disable_break_main_output                   ../../libopencm3//lib/libopencm3_stm32f1.a(timer_common_all.o)
timer_disable_compare_control_update_on_trigger   ../../libopencm3//lib/libopencm3_stm32f1.a(timer_common_all.o)
timer_disable_counter                             ../../libopencm3//lib/libopencm3_stm32f1.a(timer_common_all.o)
timer_disable_irq                                 ../../libopencm3//lib/libopencm3_stm32f1.a(timer_common_all.o)
timer_disable_oc_clear                            ../../libopencm3//lib/libopencm3_stm32f1.a(timer_common_all.o)
timer_disable_oc_output                           ../../libopencm3//lib/libopencm3_stm32f1.a(timer_common_all.o)
timer_disable_oc_preload                          ../../libopencm3//lib/libopencm3_stm32f1.a(timer_common_all.o)
timer_disable_preload                             ../../libopencm3//lib/libopencm3_stm32f1.a(timer_common_all.o)
timer_disable_preload_complementry_enable_bits    ../../libopencm3//lib/libopencm3_stm32f1.a(timer_common_all.o)
timer_disable_update_event                        ../../libopencm3//lib/libopencm3_stm32f1.a(timer_common_all.o)
timer_enable_break                                ../../libopencm3//lib/libopencm3_stm32f1.a(timer_common_all.o)
timer_enable_break_automatic_output               ../../libopencm3//lib/libopencm3_stm32f1.a(timer_common_all.o)
timer_enable_break_main_output                    ../../libopencm3//lib/libopencm3_stm32f1.a(timer_common_all.o)
timer_enable_compare_control_update_on_trigger    ../../libopencm3//lib/libopencm3_stm32f1.a(timer_common_all.o)
timer_enable_counter                              ../../libopencm3//lib/libopencm3_stm32f1.a(timer_common_all.o)
                                                  test-mic.o
timer_enable_irq                                  ../../libopencm3//lib/libopencm3_stm32f1.a(timer_common_all.o)
timer_enable_oc_clear                             ../../libopencm3//lib/libopencm3_stm32f1.a(timer_common_all.o)
timer_enable_oc_output                            ../../libopencm3//lib/libopencm3_stm32f1.a(timer_common_all.o)
                                                  test-mic.o
timer_enable_oc_preload                           ../../libopencm3//lib/libopencm3_stm32f1.a(timer_common_all.o)
timer_enable_preload                              ../../libopencm3//lib/libopencm3_stm32f1.a(timer_common_all.o)
                                                  test-mic.o
timer_enable_preload_complementry_enable_bits     ../../libopencm3//lib/libopencm3_stm32f1.a(timer_common_all.o)
timer_enable_update_event                         ../../libopencm3//lib/libopencm3_stm32f1.a(timer_common_all.o)
timer_generate_event                              ../../libopencm3//lib/libopencm3_stm32f1.a(timer_common_all.o)
timer_get_counter                                 ../../libopencm3//lib/libopencm3_stm32f1.a(timer_common_all.o)
timer_get_flag                                    ../../libopencm3//lib/libopencm3_stm32f1.a(timer_common_all.o)
timer_ic_disable                                  ../../libopencm3//lib/libopencm3_stm32f1.a(timer_common_all.o)
timer_ic_enable                                   ../../libopencm3//lib/libopencm3_stm32f1.a(timer_common_all.o)
timer_ic_set_filter                               ../../libopencm3//lib/libopencm3_stm32f1.a(timer_common_all.o)
timer_ic_set_input                                ../../libopencm3//lib/libopencm3_stm32f1.a(timer_common_all.o)
timer_ic_set_prescaler                            ../../libopencm3//lib/libopencm3_stm32f1.a(timer_common_all.o)
timer_interrupt_source                            ../../libopencm3//lib/libopencm3_stm32f1.a(timer_common_all.o)
timer_one_shot_mode                               ../../libopencm3//lib/libopencm3_stm32f1.a(timer_common_all.o)
timer_reset_output_idle_state                     ../../libopencm3//lib/libopencm3_stm32f1.a(timer_common_all.o)
timer_set_alignment                               ../../libopencm3//lib/libopencm3_stm32f1.a(timer_common_all.o)
timer_set_break_lock                              ../../libopencm3//lib/libopencm3_stm32f1.a(timer_common_all.o)
timer_set_break_polarity_high                     ../../libopencm3//lib/libopencm3_stm32f1.a(timer_common_all.o)
timer_set_break_polarity_low                      ../../libopencm3//lib/libopencm3_stm32f1.a(timer_common_all.o)
timer_set_clock_division                          ../../libopencm3//lib/libopencm3_stm32f1.a(timer_common_all.o)
timer_set_counter                                 ../../libopencm3//lib/libopencm3_stm32f1.a(timer_common_all.o)
timer_set_deadtime                                ../../libopencm3//lib/libopencm3_stm32f1.a(timer_common_all.o)
timer_set_disabled_off_state_in_idle_mode         ../../libopencm3//lib/libopencm3_stm32f1.a(timer_common_all.o)
timer_set_disabled_off_state_in_run_mode          ../../libopencm3//lib/libopencm3_stm32f1.a(timer_common_all.o)
timer_set_dma_on_compare_event                    ../../libopencm3//lib/libopencm3_stm32f1.a(timer_common_all.o)
timer_set_dma_on_update_event                     ../../libopencm3//lib/libopencm3_stm32f1.a(timer_common_all.o)
timer_set_enabled_off_state_in_idle_mode          ../../libopencm3//lib/libopencm3_stm32f1.a(timer_common_all.o)
timer_set_enabled_off_state_in_run_mode           ../../libopencm3//lib/libopencm3_stm32f1.a(timer_common_all.o)
timer_set_master_mode                             ../../libopencm3//lib/libopencm3_stm32f1.a(timer_common_all.o)
timer_set_mode                                    ../../libopencm3//lib/libopencm3_stm32f1.a(timer_common_all.o)
timer_set_oc_fast_mode                            ../../libopencm3//lib/libopencm3_stm32f1.a(timer_common_all.o)
timer_set_oc_idle_state_set                       ../../libopencm3//lib/libopencm3_stm32f1.a(timer_common_all.o)
timer_set_oc_idle_state_unset                     ../../libopencm3//lib/libopencm3_stm32f1.a(timer_common_all.o)
timer_set_oc_mode                                 ../../libopencm3//lib/libopencm3_stm32f1.a(timer_common_all.o)
                                                  test-mic.o
timer_set_oc_polarity_high                        ../../libopencm3//lib/libopencm3_stm32f1.a(timer_common_all.o)
timer_set_oc_polarity_low                         ../../libopencm3//lib/libopencm3_stm32f1.a(timer_common_all.o)
timer_set_oc_slow_mode                            ../../libopencm3//lib/libopencm3_stm32f1.a(timer_common_all.o)
timer_set_oc_value                                ../../libopencm3//lib/libopencm3_stm32f1.a(timer_common_all.o)
                                                  test-mic.o
timer_set_output_idle_state                       ../../libopencm3//lib/libopencm3_stm32f1.a(timer_common_all.o)
timer_set_period                                  ../../libopencm3//lib/libopencm3_stm32f1.a(timer_common_all.o)
                                                  test-mic.o
timer_set_prescaler                               ../../libopencm3//lib/libopencm3_stm32f1.a(timer_common_all.o)
                                                  test-mic.o
timer_set_repetition_counter                      ../../libopencm3//lib/libopencm3_stm32f1.a(timer_common_all.o)
timer_set_ti1_ch1                                 ../../libopencm3//lib/libopencm3_stm32f1.a(timer_common_all.o)
timer_set_ti1_ch123_xor                           ../../libopencm3//lib/libopencm3_stm32f1.a(timer_common_all.o)
timer_slave_set_extclockmode2                     ../../libopencm3//lib/libopencm3_stm32f1.a(timer_common_all.o)
timer_slave_set_filter                            ../../libopencm3//lib/libopencm3_stm32f1.a(timer_common_all.o)
timer_slave_set_mode                              ../../libopencm3//lib/libopencm3_stm32f1.a(timer_common_all.o)
timer_slave_set_polarity                          ../../libopencm3//lib/libopencm3_stm32f1.a(timer_common_all.o)
timer_slave_set_prescaler                         ../../libopencm3//lib/libopencm3_stm32f1.a(timer_common_all.o)
timer_slave_set_trigger                           ../../libopencm3//lib/libopencm3_stm32f1.a(timer_common_all.o)
timer_update_on_any                               ../../libopencm3//lib/libopencm3_stm32f1.a(timer_common_all.o)
timer_update_on_overflow                          ../../libopencm3//lib/libopencm3_stm32f1.a(timer_common_all.o)
uart4_isr                                         ../../libopencm3//lib/libopencm3_stm32f1.a(vector.o)
uart5_isr                                         ../../libopencm3//lib/libopencm3_stm32f1.a(vector.o)
usage_fault_handler                               ../../libopencm3//lib/libopencm3_stm32f1.a(vector.o)
usart1_isr                                        ../../libopencm3//lib/libopencm3_stm32f1.a(vector.o)
usart2_isr                                        ../../libopencm3//lib/libopencm3_stm32f1.a(vector.o)
usart3_isr                                        ../../libopencm3//lib/libopencm3_stm32f1.a(vector.o)
usb_hp_can_tx_isr                                 ../../libopencm3//lib/libopencm3_stm32f1.a(vector.o)
usb_lp_can_rx0_isr                                ../../libopencm3//lib/libopencm3_stm32f1.a(vector.o)
usb_wakeup_isr                                    ../../libopencm3//lib/libopencm3_stm32f1.a(vector.o)
vector_table                                      ../../libopencm3//lib/libopencm3_stm32f1.a(vector.o)
wait                                              test-mic.o
wwdg_isr                                          ../../libopencm3//lib/libopencm3_stm32f1.a(vector.o)
