Archive member included to satisfy reference by file (symbol)

../../libopencm3//lib/libopencm3_stm32f1.a(adc.o)
                              test-mic.o (adc_power_on)
../../libopencm3//lib/libopencm3_stm32f1.a(adc_common_v1.o)
                              test-mic.o (adc_enable_scan_mode)
../../libopencm3//lib/libopencm3_stm32f1.a(gpio.o)
                              test-mic.o (gpio_set_mode)
../../libopencm3//lib/libopencm3_stm32f1.a(rcc_common_all.o)
                              test-mic.o (rcc_periph_clock_enable)
../../libopencm3//lib/libopencm3_stm32f1.a(timer_common_all.o)
                              test-mic.o (timer_enable_counter)
../../libopencm3//lib/libopencm3_stm32f1.a(vector.o)
                              (reset_handler)

Discarded input sections

 .group         0x00000000        0xc test-mic.o
 .group         0x00000000        0xc test-mic.o
 .group         0x00000000        0xc test-mic.o
 .group         0x00000000        0xc test-mic.o
 .group         0x00000000        0xc test-mic.o
 .group         0x00000000        0xc test-mic.o
 .group         0x00000000        0xc test-mic.o
 .group         0x00000000        0xc test-mic.o
 .group         0x00000000        0xc test-mic.o
 .group         0x00000000        0xc test-mic.o
 .group         0x00000000        0xc test-mic.o
 .group         0x00000000        0xc test-mic.o
 .group         0x00000000        0xc test-mic.o
 .group         0x00000000        0xc test-mic.o
 .group         0x00000000        0xc test-mic.o
 .group         0x00000000        0xc test-mic.o
 .group         0x00000000        0xc test-mic.o
 .group         0x00000000        0xc test-mic.o
 .text          0x00000000        0x0 test-mic.o
 .data          0x00000000        0x0 test-mic.o
 .bss           0x00000000        0x0 test-mic.o
 .text.read_adc
                0x00000000       0x24 test-mic.o
 .group         0x00000000        0xc ../../libopencm3//lib/libopencm3_stm32f1.a(adc.o)
 .group         0x00000000        0xc ../../libopencm3//lib/libopencm3_stm32f1.a(adc.o)
 .group         0x00000000        0xc ../../libopencm3//lib/libopencm3_stm32f1.a(adc.o)
 .group         0x00000000        0xc ../../libopencm3//lib/libopencm3_stm32f1.a(adc.o)
 .group         0x00000000        0xc ../../libopencm3//lib/libopencm3_stm32f1.a(adc.o)
 .group         0x00000000        0xc ../../libopencm3//lib/libopencm3_stm32f1.a(adc.o)
 .group         0x00000000        0xc ../../libopencm3//lib/libopencm3_stm32f1.a(adc.o)
 .group         0x00000000        0xc ../../libopencm3//lib/libopencm3_stm32f1.a(adc.o)
 .group         0x00000000        0xc ../../libopencm3//lib/libopencm3_stm32f1.a(adc.o)
 .group         0x00000000        0xc ../../libopencm3//lib/libopencm3_stm32f1.a(adc.o)
 .group         0x00000000        0xc ../../libopencm3//lib/libopencm3_stm32f1.a(adc.o)
 .group         0x00000000        0xc ../../libopencm3//lib/libopencm3_stm32f1.a(adc.o)
 .group         0x00000000        0xc ../../libopencm3//lib/libopencm3_stm32f1.a(adc.o)
 .group         0x00000000        0xc ../../libopencm3//lib/libopencm3_stm32f1.a(adc.o)
 .text          0x00000000        0x0 ../../libopencm3//lib/libopencm3_stm32f1.a(adc.o)
 .data          0x00000000        0x0 ../../libopencm3//lib/libopencm3_stm32f1.a(adc.o)
 .bss           0x00000000        0x0 ../../libopencm3//lib/libopencm3_stm32f1.a(adc.o)
 .text.adc_start_conversion_direct
                0x00000000       0x10 ../../libopencm3//lib/libopencm3_stm32f1.a(adc.o)
 .text.adc_set_dual_mode
                0x00000000       0x14 ../../libopencm3//lib/libopencm3_stm32f1.a(adc.o)
 .text.adc_enable_temperature_sensor
                0x00000000       0x14 ../../libopencm3//lib/libopencm3_stm32f1.a(adc.o)
 .text.adc_disable_temperature_sensor
                0x00000000       0x14 ../../libopencm3//lib/libopencm3_stm32f1.a(adc.o)
 .text.adc_enable_external_trigger_regular
                0x00000000       0x14 ../../libopencm3//lib/libopencm3_stm32f1.a(adc.o)
 .text.adc_disable_external_trigger_regular
                0x00000000        0xa ../../libopencm3//lib/libopencm3_stm32f1.a(adc.o)
 .text.adc_enable_external_trigger_injected
                0x00000000       0x14 ../../libopencm3//lib/libopencm3_stm32f1.a(adc.o)
 .text.adc_disable_external_trigger_injected
                0x00000000        0xa ../../libopencm3//lib/libopencm3_stm32f1.a(adc.o)
 .text.adc_reset_calibration
                0x00000000       0x14 ../../libopencm3//lib/libopencm3_stm32f1.a(adc.o)
 .text.adc_calibration
                0x00000000       0x14 ../../libopencm3//lib/libopencm3_stm32f1.a(adc.o)
 .text.adc_calibrate_async
                0x00000000        0xa ../../libopencm3//lib/libopencm3_stm32f1.a(adc.o)
 .text.adc_is_calibrating
                0x00000000        0x8 ../../libopencm3//lib/libopencm3_stm32f1.a(adc.o)
 .text.adc_calibrate
                0x00000000       0x14 ../../libopencm3//lib/libopencm3_stm32f1.a(adc.o)
 .text.adc_set_sample_time
                0x00000000       0x34 ../../libopencm3//lib/libopencm3_stm32f1.a(adc.o)
 .debug_macro   0x00000000      0xac0 ../../libopencm3//lib/libopencm3_stm32f1.a(adc.o)
 .debug_macro   0x00000000       0x1c ../../libopencm3//lib/libopencm3_stm32f1.a(adc.o)
 .debug_macro   0x00000000       0x22 ../../libopencm3//lib/libopencm3_stm32f1.a(adc.o)
 .debug_macro   0x00000000       0x56 ../../libopencm3//lib/libopencm3_stm32f1.a(adc.o)
 .debug_macro   0x00000000       0x51 ../../libopencm3//lib/libopencm3_stm32f1.a(adc.o)
 .debug_macro   0x00000000      0x103 ../../libopencm3//lib/libopencm3_stm32f1.a(adc.o)
 .debug_macro   0x00000000       0x6a ../../libopencm3//lib/libopencm3_stm32f1.a(adc.o)
 .debug_macro   0x00000000      0x1df ../../libopencm3//lib/libopencm3_stm32f1.a(adc.o)
 .debug_macro   0x00000000       0x22 ../../libopencm3//lib/libopencm3_stm32f1.a(adc.o)
 .debug_macro   0x00000000       0xe8 ../../libopencm3//lib/libopencm3_stm32f1.a(adc.o)
 .debug_macro   0x00000000       0x76 ../../libopencm3//lib/libopencm3_stm32f1.a(adc.o)
 .debug_macro   0x00000000      0x1b4 ../../libopencm3//lib/libopencm3_stm32f1.a(adc.o)
 .debug_macro   0x00000000      0x449 ../../libopencm3//lib/libopencm3_stm32f1.a(adc.o)
 .debug_macro   0x00000000      0x456 ../../libopencm3//lib/libopencm3_stm32f1.a(adc.o)
 .group         0x00000000        0xc ../../libopencm3//lib/libopencm3_stm32f1.a(adc_common_v1.o)
 .group         0x00000000        0xc ../../libopencm3//lib/libopencm3_stm32f1.a(adc_common_v1.o)
 .group         0x00000000        0xc ../../libopencm3//lib/libopencm3_stm32f1.a(adc_common_v1.o)
 .group         0x00000000        0xc ../../libopencm3//lib/libopencm3_stm32f1.a(adc_common_v1.o)
 .group         0x00000000        0xc ../../libopencm3//lib/libopencm3_stm32f1.a(adc_common_v1.o)
 .group         0x00000000        0xc ../../libopencm3//lib/libopencm3_stm32f1.a(adc_common_v1.o)
 .group         0x00000000        0xc ../../libopencm3//lib/libopencm3_stm32f1.a(adc_common_v1.o)
 .group         0x00000000        0xc ../../libopencm3//lib/libopencm3_stm32f1.a(adc_common_v1.o)
 .group         0x00000000        0xc ../../libopencm3//lib/libopencm3_stm32f1.a(adc_common_v1.o)
 .group         0x00000000        0xc ../../libopencm3//lib/libopencm3_stm32f1.a(adc_common_v1.o)
 .group         0x00000000        0xc ../../libopencm3//lib/libopencm3_stm32f1.a(adc_common_v1.o)
 .group         0x00000000        0xc ../../libopencm3//lib/libopencm3_stm32f1.a(adc_common_v1.o)
 .group         0x00000000        0xc ../../libopencm3//lib/libopencm3_stm32f1.a(adc_common_v1.o)
 .group         0x00000000        0xc ../../libopencm3//lib/libopencm3_stm32f1.a(adc_common_v1.o)
 .text          0x00000000        0x0 ../../libopencm3//lib/libopencm3_stm32f1.a(adc_common_v1.o)
 .data          0x00000000        0x0 ../../libopencm3//lib/libopencm3_stm32f1.a(adc_common_v1.o)
 .bss           0x00000000        0x0 ../../libopencm3//lib/libopencm3_stm32f1.a(adc_common_v1.o)
 .text.adc_power_off
                0x00000000        0xa ../../libopencm3//lib/libopencm3_stm32f1.a(adc_common_v1.o)
 .text.adc_enable_analog_watchdog_regular
                0x00000000        0xa ../../libopencm3//lib/libopencm3_stm32f1.a(adc_common_v1.o)
 .text.adc_disable_analog_watchdog_regular
                0x00000000        0xa ../../libopencm3//lib/libopencm3_stm32f1.a(adc_common_v1.o)
 .text.adc_enable_analog_watchdog_injected
                0x00000000        0xa ../../libopencm3//lib/libopencm3_stm32f1.a(adc_common_v1.o)
 .text.adc_disable_analog_watchdog_injected
                0x00000000        0xa ../../libopencm3//lib/libopencm3_stm32f1.a(adc_common_v1.o)
 .text.adc_enable_discontinuous_mode_regular
                0x00000000       0x18 ../../libopencm3//lib/libopencm3_stm32f1.a(adc_common_v1.o)
 .text.adc_disable_discontinuous_mode_regular
                0x00000000        0xa ../../libopencm3//lib/libopencm3_stm32f1.a(adc_common_v1.o)
 .text.adc_enable_discontinuous_mode_injected
                0x00000000        0xa ../../libopencm3//lib/libopencm3_stm32f1.a(adc_common_v1.o)
 .text.adc_disable_discontinuous_mode_injected
                0x00000000        0xa ../../libopencm3//lib/libopencm3_stm32f1.a(adc_common_v1.o)
 .text.adc_enable_automatic_injected_group_conversion
                0x00000000       0x12 ../../libopencm3//lib/libopencm3_stm32f1.a(adc_common_v1.o)
 .text.adc_disable_automatic_injected_group_conversion
                0x00000000        0xa ../../libopencm3//lib/libopencm3_stm32f1.a(adc_common_v1.o)
 .text.adc_enable_analog_watchdog_on_all_channels
                0x00000000        0xa ../../libopencm3//lib/libopencm3_stm32f1.a(adc_common_v1.o)
 .text.adc_enable_analog_watchdog_on_selected_channel
                0x00000000       0x18 ../../libopencm3//lib/libopencm3_stm32f1.a(adc_common_v1.o)
 .text.adc_disable_scan_mode
                0x00000000        0xa ../../libopencm3//lib/libopencm3_stm32f1.a(adc_common_v1.o)
 .text.adc_enable_eoc_interrupt_injected
                0x00000000        0xa ../../libopencm3//lib/libopencm3_stm32f1.a(adc_common_v1.o)
 .text.adc_disable_eoc_interrupt_injected
                0x00000000        0xa ../../libopencm3//lib/libopencm3_stm32f1.a(adc_common_v1.o)
 .text.adc_enable_awd_interrupt
                0x00000000        0xa ../../libopencm3//lib/libopencm3_stm32f1.a(adc_common_v1.o)
 .text.adc_disable_awd_interrupt
                0x00000000        0xa ../../libopencm3//lib/libopencm3_stm32f1.a(adc_common_v1.o)
 .text.adc_enable_eoc_interrupt
                0x00000000        0xa ../../libopencm3//lib/libopencm3_stm32f1.a(adc_common_v1.o)
 .text.adc_disable_eoc_interrupt
                0x00000000        0xa ../../libopencm3//lib/libopencm3_stm32f1.a(adc_common_v1.o)
 .text.adc_set_left_aligned
                0x00000000        0xa ../../libopencm3//lib/libopencm3_stm32f1.a(adc_common_v1.o)
 .text.adc_set_right_aligned
                0x00000000        0xa ../../libopencm3//lib/libopencm3_stm32f1.a(adc_common_v1.o)
 .text.adc_eoc  0x00000000        0x8 ../../libopencm3//lib/libopencm3_stm32f1.a(adc_common_v1.o)
 .text.adc_eoc_injected
                0x00000000        0x8 ../../libopencm3//lib/libopencm3_stm32f1.a(adc_common_v1.o)
 .text.adc_read_regular
                0x00000000        0x4 ../../libopencm3//lib/libopencm3_stm32f1.a(adc_common_v1.o)
 .text.adc_read_injected
                0x00000000       0x22 ../../libopencm3//lib/libopencm3_stm32f1.a(adc_common_v1.o)
 .text.adc_set_continuous_conversion_mode
                0x00000000        0xa ../../libopencm3//lib/libopencm3_stm32f1.a(adc_common_v1.o)
 .text.adc_set_single_conversion_mode
                0x00000000        0xa ../../libopencm3//lib/libopencm3_stm32f1.a(adc_common_v1.o)
 .text.adc_set_watchdog_high_threshold
                0x00000000        0x8 ../../libopencm3//lib/libopencm3_stm32f1.a(adc_common_v1.o)
 .text.adc_set_watchdog_low_threshold
                0x00000000        0x8 ../../libopencm3//lib/libopencm3_stm32f1.a(adc_common_v1.o)
 .text.adc_set_injected_sequence
                0x00000000       0x26 ../../libopencm3//lib/libopencm3_stm32f1.a(adc_common_v1.o)
 .text.adc_set_injected_offset
                0x00000000       0x1e ../../libopencm3//lib/libopencm3_stm32f1.a(adc_common_v1.o)
 .text.adc_start_conversion_regular
                0x00000000       0x14 ../../libopencm3//lib/libopencm3_stm32f1.a(adc_common_v1.o)
 .text.adc_start_conversion_injected
                0x00000000       0x14 ../../libopencm3//lib/libopencm3_stm32f1.a(adc_common_v1.o)
 .text.adc_enable_dma
                0x00000000        0xa ../../libopencm3//lib/libopencm3_stm32f1.a(adc_common_v1.o)
 .text.adc_disable_dma
                0x00000000        0xa ../../libopencm3//lib/libopencm3_stm32f1.a(adc_common_v1.o)
 .text.adc_get_flag
                0x00000000        0xc ../../libopencm3//lib/libopencm3_stm32f1.a(adc_common_v1.o)
 .text.adc_clear_flag
                0x00000000        0x6 ../../libopencm3//lib/libopencm3_stm32f1.a(adc_common_v1.o)
 .debug_macro   0x00000000      0xac0 ../../libopencm3//lib/libopencm3_stm32f1.a(adc_common_v1.o)
 .debug_macro   0x00000000       0x1c ../../libopencm3//lib/libopencm3_stm32f1.a(adc_common_v1.o)
 .debug_macro   0x00000000       0x22 ../../libopencm3//lib/libopencm3_stm32f1.a(adc_common_v1.o)
 .debug_macro   0x00000000       0x56 ../../libopencm3//lib/libopencm3_stm32f1.a(adc_common_v1.o)
 .debug_macro   0x00000000       0x51 ../../libopencm3//lib/libopencm3_stm32f1.a(adc_common_v1.o)
 .debug_macro   0x00000000      0x103 ../../libopencm3//lib/libopencm3_stm32f1.a(adc_common_v1.o)
 .debug_macro   0x00000000       0x6a ../../libopencm3//lib/libopencm3_stm32f1.a(adc_common_v1.o)
 .debug_macro   0x00000000      0x1df ../../libopencm3//lib/libopencm3_stm32f1.a(adc_common_v1.o)
 .debug_macro   0x00000000       0x22 ../../libopencm3//lib/libopencm3_stm32f1.a(adc_common_v1.o)
 .debug_macro   0x00000000       0xe8 ../../libopencm3//lib/libopencm3_stm32f1.a(adc_common_v1.o)
 .debug_macro   0x00000000       0x76 ../../libopencm3//lib/libopencm3_stm32f1.a(adc_common_v1.o)
 .debug_macro   0x00000000      0x1b4 ../../libopencm3//lib/libopencm3_stm32f1.a(adc_common_v1.o)
 .debug_macro   0x00000000      0x449 ../../libopencm3//lib/libopencm3_stm32f1.a(adc_common_v1.o)
 .debug_macro   0x00000000      0x456 ../../libopencm3//lib/libopencm3_stm32f1.a(adc_common_v1.o)
 .group         0x00000000        0xc ../../libopencm3//lib/libopencm3_stm32f1.a(gpio.o)
 .group         0x00000000        0xc ../../libopencm3//lib/libopencm3_stm32f1.a(gpio.o)
 .group         0x00000000        0xc ../../libopencm3//lib/libopencm3_stm32f1.a(gpio.o)
 .group         0x00000000        0xc ../../libopencm3//lib/libopencm3_stm32f1.a(gpio.o)
 .group         0x00000000        0xc ../../libopencm3//lib/libopencm3_stm32f1.a(gpio.o)
 .group         0x00000000        0xc ../../libopencm3//lib/libopencm3_stm32f1.a(gpio.o)
 .group         0x00000000        0xc ../../libopencm3//lib/libopencm3_stm32f1.a(gpio.o)
 .group         0x00000000        0xc ../../libopencm3//lib/libopencm3_stm32f1.a(gpio.o)
 .group         0x00000000        0xc ../../libopencm3//lib/libopencm3_stm32f1.a(gpio.o)
 .group         0x00000000        0xc ../../libopencm3//lib/libopencm3_stm32f1.a(gpio.o)
 .group         0x00000000        0xc ../../libopencm3//lib/libopencm3_stm32f1.a(gpio.o)
 .group         0x00000000        0xc ../../libopencm3//lib/libopencm3_stm32f1.a(gpio.o)
 .group         0x00000000        0xc ../../libopencm3//lib/libopencm3_stm32f1.a(gpio.o)
 .group         0x00000000        0xc ../../libopencm3//lib/libopencm3_stm32f1.a(gpio.o)
 .text          0x00000000        0x0 ../../libopencm3//lib/libopencm3_stm32f1.a(gpio.o)
 .data          0x00000000        0x0 ../../libopencm3//lib/libopencm3_stm32f1.a(gpio.o)
 .bss           0x00000000        0x0 ../../libopencm3//lib/libopencm3_stm32f1.a(gpio.o)
 .text.gpio_set_eventout
                0x00000000       0x10 ../../libopencm3//lib/libopencm3_stm32f1.a(gpio.o)
 .text.gpio_primary_remap
                0x00000000       0x14 ../../libopencm3//lib/libopencm3_stm32f1.a(gpio.o)
 .text.gpio_secondary_remap
                0x00000000       0x10 ../../libopencm3//lib/libopencm3_stm32f1.a(gpio.o)
 .debug_macro   0x00000000      0xac0 ../../libopencm3//lib/libopencm3_stm32f1.a(gpio.o)
 .debug_macro   0x00000000       0x1c ../../libopencm3//lib/libopencm3_stm32f1.a(gpio.o)
 .debug_macro   0x00000000       0x22 ../../libopencm3//lib/libopencm3_stm32f1.a(gpio.o)
 .debug_macro   0x00000000       0x56 ../../libopencm3//lib/libopencm3_stm32f1.a(gpio.o)
 .debug_macro   0x00000000       0x51 ../../libopencm3//lib/libopencm3_stm32f1.a(gpio.o)
 .debug_macro   0x00000000      0x103 ../../libopencm3//lib/libopencm3_stm32f1.a(gpio.o)
 .debug_macro   0x00000000       0x6a ../../libopencm3//lib/libopencm3_stm32f1.a(gpio.o)
 .debug_macro   0x00000000      0x1df ../../libopencm3//lib/libopencm3_stm32f1.a(gpio.o)
 .debug_macro   0x00000000       0x22 ../../libopencm3//lib/libopencm3_stm32f1.a(gpio.o)
 .debug_macro   0x00000000       0xe8 ../../libopencm3//lib/libopencm3_stm32f1.a(gpio.o)
 .debug_macro   0x00000000       0x76 ../../libopencm3//lib/libopencm3_stm32f1.a(gpio.o)
 .debug_macro   0x00000000      0x1b4 ../../libopencm3//lib/libopencm3_stm32f1.a(gpio.o)
 .debug_macro   0x00000000       0x76 ../../libopencm3//lib/libopencm3_stm32f1.a(gpio.o)
 .debug_macro   0x00000000      0xe2e ../../libopencm3//lib/libopencm3_stm32f1.a(gpio.o)
 .group         0x00000000        0xc ../../libopencm3//lib/libopencm3_stm32f1.a(rcc_common_all.o)
 .group         0x00000000        0xc ../../libopencm3//lib/libopencm3_stm32f1.a(rcc_common_all.o)
 .group         0x00000000        0xc ../../libopencm3//lib/libopencm3_stm32f1.a(rcc_common_all.o)
 .group         0x00000000        0xc ../../libopencm3//lib/libopencm3_stm32f1.a(rcc_common_all.o)
 .group         0x00000000        0xc ../../libopencm3//lib/libopencm3_stm32f1.a(rcc_common_all.o)
 .group         0x00000000        0xc ../../libopencm3//lib/libopencm3_stm32f1.a(rcc_common_all.o)
 .group         0x00000000        0xc ../../libopencm3//lib/libopencm3_stm32f1.a(rcc_common_all.o)
 .group         0x00000000        0xc ../../libopencm3//lib/libopencm3_stm32f1.a(rcc_common_all.o)
 .group         0x00000000        0xc ../../libopencm3//lib/libopencm3_stm32f1.a(rcc_common_all.o)
 .group         0x00000000        0xc ../../libopencm3//lib/libopencm3_stm32f1.a(rcc_common_all.o)
 .group         0x00000000        0xc ../../libopencm3//lib/libopencm3_stm32f1.a(rcc_common_all.o)
 .group         0x00000000        0xc ../../libopencm3//lib/libopencm3_stm32f1.a(rcc_common_all.o)
 .group         0x00000000        0xc ../../libopencm3//lib/libopencm3_stm32f1.a(rcc_common_all.o)
 .text          0x00000000        0x0 ../../libopencm3//lib/libopencm3_stm32f1.a(rcc_common_all.o)
 .data          0x00000000        0x0 ../../libopencm3//lib/libopencm3_stm32f1.a(rcc_common_all.o)
 .bss           0x00000000        0x0 ../../libopencm3//lib/libopencm3_stm32f1.a(rcc_common_all.o)
 .text.rcc_peripheral_enable_clock
                0x00000000        0x8 ../../libopencm3//lib/libopencm3_stm32f1.a(rcc_common_all.o)
 .text.rcc_peripheral_disable_clock
                0x00000000        0xa ../../libopencm3//lib/libopencm3_stm32f1.a(rcc_common_all.o)
 .text.rcc_peripheral_reset
                0x00000000        0x8 ../../libopencm3//lib/libopencm3_stm32f1.a(rcc_common_all.o)
 .text.rcc_peripheral_clear_reset
                0x00000000        0xa ../../libopencm3//lib/libopencm3_stm32f1.a(rcc_common_all.o)
 .text.rcc_periph_clock_disable
                0x00000000       0x1c ../../libopencm3//lib/libopencm3_stm32f1.a(rcc_common_all.o)
 .text.rcc_periph_reset_pulse
                0x00000000       0x22 ../../libopencm3//lib/libopencm3_stm32f1.a(rcc_common_all.o)
 .text.rcc_periph_reset_hold
                0x00000000        0x4 ../../libopencm3//lib/libopencm3_stm32f1.a(rcc_common_all.o)
 .text.rcc_periph_reset_release
                0x00000000        0x4 ../../libopencm3//lib/libopencm3_stm32f1.a(rcc_common_all.o)
 .text.rcc_set_mco
                0x00000000       0x14 ../../libopencm3//lib/libopencm3_stm32f1.a(rcc_common_all.o)
 .text.rcc_osc_bypass_enable
                0x00000000       0x28 ../../libopencm3//lib/libopencm3_stm32f1.a(rcc_common_all.o)
 .text.rcc_osc_bypass_disable
                0x00000000       0x28 ../../libopencm3//lib/libopencm3_stm32f1.a(rcc_common_all.o)
 .text.rcc_get_div_from_hpre
                0x00000000       0x18 ../../libopencm3//lib/libopencm3_stm32f1.a(rcc_common_all.o)
 .debug_macro   0x00000000      0xac0 ../../libopencm3//lib/libopencm3_stm32f1.a(rcc_common_all.o)
 .debug_macro   0x00000000       0x1c ../../libopencm3//lib/libopencm3_stm32f1.a(rcc_common_all.o)
 .debug_macro   0x00000000       0x22 ../../libopencm3//lib/libopencm3_stm32f1.a(rcc_common_all.o)
 .debug_macro   0x00000000       0x56 ../../libopencm3//lib/libopencm3_stm32f1.a(rcc_common_all.o)
 .debug_macro   0x00000000       0x51 ../../libopencm3//lib/libopencm3_stm32f1.a(rcc_common_all.o)
 .debug_macro   0x00000000      0x103 ../../libopencm3//lib/libopencm3_stm32f1.a(rcc_common_all.o)
 .debug_macro   0x00000000       0x6a ../../libopencm3//lib/libopencm3_stm32f1.a(rcc_common_all.o)
 .debug_macro   0x00000000      0x1df ../../libopencm3//lib/libopencm3_stm32f1.a(rcc_common_all.o)
 .debug_macro   0x00000000       0x22 ../../libopencm3//lib/libopencm3_stm32f1.a(rcc_common_all.o)
 .debug_macro   0x00000000       0xe8 ../../libopencm3//lib/libopencm3_stm32f1.a(rcc_common_all.o)
 .debug_macro   0x00000000       0x76 ../../libopencm3//lib/libopencm3_stm32f1.a(rcc_common_all.o)
 .debug_macro   0x00000000      0x1b4 ../../libopencm3//lib/libopencm3_stm32f1.a(rcc_common_all.o)
 .debug_macro   0x00000000      0x8c6 ../../libopencm3//lib/libopencm3_stm32f1.a(rcc_common_all.o)
 .group         0x00000000        0xc ../../libopencm3//lib/libopencm3_stm32f1.a(timer_common_all.o)
 .group         0x00000000        0xc ../../libopencm3//lib/libopencm3_stm32f1.a(timer_common_all.o)
 .group         0x00000000        0xc ../../libopencm3//lib/libopencm3_stm32f1.a(timer_common_all.o)
 .group         0x00000000        0xc ../../libopencm3//lib/libopencm3_stm32f1.a(timer_common_all.o)
 .group         0x00000000        0xc ../../libopencm3//lib/libopencm3_stm32f1.a(timer_common_all.o)
 .group         0x00000000        0xc ../../libopencm3//lib/libopencm3_stm32f1.a(timer_common_all.o)
 .group         0x00000000        0xc ../../libopencm3//lib/libopencm3_stm32f1.a(timer_common_all.o)
 .group         0x00000000        0xc ../../libopencm3//lib/libopencm3_stm32f1.a(timer_common_all.o)
 .group         0x00000000        0xc ../../libopencm3//lib/libopencm3_stm32f1.a(timer_common_all.o)
 .group         0x00000000        0xc ../../libopencm3//lib/libopencm3_stm32f1.a(timer_common_all.o)
 .group         0x00000000        0xc ../../libopencm3//lib/libopencm3_stm32f1.a(timer_common_all.o)
 .group         0x00000000        0xc ../../libopencm3//lib/libopencm3_stm32f1.a(timer_common_all.o)
 .group         0x00000000        0xc ../../libopencm3//lib/libopencm3_stm32f1.a(timer_common_all.o)
 .group         0x00000000        0xc ../../libopencm3//lib/libopencm3_stm32f1.a(timer_common_all.o)
 .text          0x00000000        0x0 ../../libopencm3//lib/libopencm3_stm32f1.a(timer_common_all.o)
 .data          0x00000000        0x0 ../../libopencm3//lib/libopencm3_stm32f1.a(timer_common_all.o)
 .bss           0x00000000        0x0 ../../libopencm3//lib/libopencm3_stm32f1.a(timer_common_all.o)
 .text.timer_enable_irq
                0x00000000        0x8 ../../libopencm3//lib/libopencm3_stm32f1.a(timer_common_all.o)
 .text.timer_disable_irq
                0x00000000        0xa ../../libopencm3//lib/libopencm3_stm32f1.a(timer_common_all.o)
 .text.timer_interrupt_source
                0x00000000       0x16 ../../libopencm3//lib/libopencm3_stm32f1.a(timer_common_all.o)
 .text.timer_get_flag
                0x00000000        0xc ../../libopencm3//lib/libopencm3_stm32f1.a(timer_common_all.o)
 .text.timer_clear_flag
                0x00000000        0x6 ../../libopencm3//lib/libopencm3_stm32f1.a(timer_common_all.o)
 .text.timer_set_mode
                0x00000000       0x12 ../../libopencm3//lib/libopencm3_stm32f1.a(timer_common_all.o)
 .text.timer_set_clock_division
                0x00000000       0x14 ../../libopencm3//lib/libopencm3_stm32f1.a(timer_common_all.o)
 .text.timer_enable_preload
                0x00000000        0xa ../../libopencm3//lib/libopencm3_stm32f1.a(timer_common_all.o)
 .text.timer_disable_preload
                0x00000000        0xa ../../libopencm3//lib/libopencm3_stm32f1.a(timer_common_all.o)
 .text.timer_set_alignment
                0x00000000       0x14 ../../libopencm3//lib/libopencm3_stm32f1.a(timer_common_all.o)
 .text.timer_direction_up
                0x00000000        0xa ../../libopencm3//lib/libopencm3_stm32f1.a(timer_common_all.o)
 .text.timer_direction_down
                0x00000000        0xa ../../libopencm3//lib/libopencm3_stm32f1.a(timer_common_all.o)
 .text.timer_one_shot_mode
                0x00000000        0xa ../../libopencm3//lib/libopencm3_stm32f1.a(timer_common_all.o)
 .text.timer_continuous_mode
                0x00000000        0xa ../../libopencm3//lib/libopencm3_stm32f1.a(timer_common_all.o)
 .text.timer_update_on_any
                0x00000000        0xa ../../libopencm3//lib/libopencm3_stm32f1.a(timer_common_all.o)
 .text.timer_update_on_overflow
                0x00000000        0xa ../../libopencm3//lib/libopencm3_stm32f1.a(timer_common_all.o)
 .text.timer_enable_update_event
                0x00000000        0xa ../../libopencm3//lib/libopencm3_stm32f1.a(timer_common_all.o)
 .text.timer_disable_update_event
                0x00000000        0xa ../../libopencm3//lib/libopencm3_stm32f1.a(timer_common_all.o)
 .text.timer_disable_counter
                0x00000000        0xa ../../libopencm3//lib/libopencm3_stm32f1.a(timer_common_all.o)
 .text.timer_set_output_idle_state
                0x00000000        0xc ../../libopencm3//lib/libopencm3_stm32f1.a(timer_common_all.o)
 .text.timer_reset_output_idle_state
                0x00000000        0xe ../../libopencm3//lib/libopencm3_stm32f1.a(timer_common_all.o)
 .text.timer_set_ti1_ch123_xor
                0x00000000        0xa ../../libopencm3//lib/libopencm3_stm32f1.a(timer_common_all.o)
 .text.timer_set_ti1_ch1
                0x00000000        0xa ../../libopencm3//lib/libopencm3_stm32f1.a(timer_common_all.o)
 .text.timer_set_master_mode
                0x00000000       0x10 ../../libopencm3//lib/libopencm3_stm32f1.a(timer_common_all.o)
 .text.timer_set_dma_on_compare_event
                0x00000000        0xa ../../libopencm3//lib/libopencm3_stm32f1.a(timer_common_all.o)
 .text.timer_set_dma_on_update_event
                0x00000000        0xa ../../libopencm3//lib/libopencm3_stm32f1.a(timer_common_all.o)
 .text.timer_enable_compare_control_update_on_trigger
                0x00000000        0xa ../../libopencm3//lib/libopencm3_stm32f1.a(timer_common_all.o)
 .text.timer_disable_compare_control_update_on_trigger
                0x00000000        0xa ../../libopencm3//lib/libopencm3_stm32f1.a(timer_common_all.o)
 .text.timer_enable_preload_complementry_enable_bits
                0x00000000        0xa ../../libopencm3//lib/libopencm3_stm32f1.a(timer_common_all.o)
 .text.timer_disable_preload_complementry_enable_bits
                0x00000000        0xa ../../libopencm3//lib/libopencm3_stm32f1.a(timer_common_all.o)
 .text.timer_set_repetition_counter
                0x00000000        0x4 ../../libopencm3//lib/libopencm3_stm32f1.a(timer_common_all.o)
 .text.timer_enable_oc_clear
                0x00000000       0x34 ../../libopencm3//lib/libopencm3_stm32f1.a(timer_common_all.o)
 .text.timer_disable_oc_clear
                0x00000000       0x34 ../../libopencm3//lib/libopencm3_stm32f1.a(timer_common_all.o)
 .text.timer_set_oc_fast_mode
                0x00000000       0x34 ../../libopencm3//lib/libopencm3_stm32f1.a(timer_common_all.o)
 .text.timer_set_oc_slow_mode
                0x00000000       0x34 ../../libopencm3//lib/libopencm3_stm32f1.a(timer_common_all.o)
 .text.timer_enable_oc_preload
                0x00000000       0x34 ../../libopencm3//lib/libopencm3_stm32f1.a(timer_common_all.o)
 .text.timer_disable_oc_preload
                0x00000000       0x34 ../../libopencm3//lib/libopencm3_stm32f1.a(timer_common_all.o)
 .text.timer_set_oc_polarity_high
                0x00000000       0x4a ../../libopencm3//lib/libopencm3_stm32f1.a(timer_common_all.o)
 .text.timer_set_oc_polarity_low
                0x00000000       0x4a ../../libopencm3//lib/libopencm3_stm32f1.a(timer_common_all.o)
 .text.timer_disable_oc_output
                0x00000000       0x4a ../../libopencm3//lib/libopencm3_stm32f1.a(timer_common_all.o)
 .text.timer_set_oc_idle_state_set
                0x00000000       0x4a ../../libopencm3//lib/libopencm3_stm32f1.a(timer_common_all.o)
 .text.timer_set_oc_idle_state_unset
                0x00000000       0x4a ../../libopencm3//lib/libopencm3_stm32f1.a(timer_common_all.o)
 .text.timer_enable_break_main_output
                0x00000000        0xa ../../libopencm3//lib/libopencm3_stm32f1.a(timer_common_all.o)
 .text.timer_disable_break_main_output
                0x00000000        0xa ../../libopencm3//lib/libopencm3_stm32f1.a(timer_common_all.o)
 .text.timer_enable_break_automatic_output
                0x00000000        0xa ../../libopencm3//lib/libopencm3_stm32f1.a(timer_common_all.o)
 .text.timer_disable_break_automatic_output
                0x00000000        0xa ../../libopencm3//lib/libopencm3_stm32f1.a(timer_common_all.o)
 .text.timer_set_break_polarity_high
                0x00000000        0xa ../../libopencm3//lib/libopencm3_stm32f1.a(timer_common_all.o)
 .text.timer_set_break_polarity_low
                0x00000000        0xa ../../libopencm3//lib/libopencm3_stm32f1.a(timer_common_all.o)
 .text.timer_enable_break
                0x00000000        0xa ../../libopencm3//lib/libopencm3_stm32f1.a(timer_common_all.o)
 .text.timer_disable_break
                0x00000000        0xa ../../libopencm3//lib/libopencm3_stm32f1.a(timer_common_all.o)
 .text.timer_set_enabled_off_state_in_run_mode
                0x00000000        0xa ../../libopencm3//lib/libopencm3_stm32f1.a(timer_common_all.o)
 .text.timer_set_disabled_off_state_in_run_mode
                0x00000000        0xa ../../libopencm3//lib/libopencm3_stm32f1.a(timer_common_all.o)
 .text.timer_set_enabled_off_state_in_idle_mode
                0x00000000        0xa ../../libopencm3//lib/libopencm3_stm32f1.a(timer_common_all.o)
 .text.timer_set_disabled_off_state_in_idle_mode
                0x00000000        0xa ../../libopencm3//lib/libopencm3_stm32f1.a(timer_common_all.o)
 .text.timer_set_break_lock
                0x00000000        0x8 ../../libopencm3//lib/libopencm3_stm32f1.a(timer_common_all.o)
 .text.timer_set_deadtime
                0x00000000        0x4 ../../libopencm3//lib/libopencm3_stm32f1.a(timer_common_all.o)
 .text.timer_generate_event
                0x00000000        0x8 ../../libopencm3//lib/libopencm3_stm32f1.a(timer_common_all.o)
 .text.timer_get_counter
                0x00000000        0x4 ../../libopencm3//lib/libopencm3_stm32f1.a(timer_common_all.o)
 .text.timer_set_counter
                0x00000000        0x4 ../../libopencm3//lib/libopencm3_stm32f1.a(timer_common_all.o)
 .text.timer_ic_set_filter
                0x00000000       0x50 ../../libopencm3//lib/libopencm3_stm32f1.a(timer_common_all.o)
 .text.timer_ic_set_prescaler
                0x00000000       0x50 ../../libopencm3//lib/libopencm3_stm32f1.a(timer_common_all.o)
 .text.timer_ic_set_input
                0x00000000       0x62 ../../libopencm3//lib/libopencm3_stm32f1.a(timer_common_all.o)
 .text.timer_ic_enable
                0x00000000        0xe ../../libopencm3//lib/libopencm3_stm32f1.a(timer_common_all.o)
 .text.timer_ic_disable
                0x00000000       0x10 ../../libopencm3//lib/libopencm3_stm32f1.a(timer_common_all.o)
 .text.timer_slave_set_filter
                0x00000000       0x12 ../../libopencm3//lib/libopencm3_stm32f1.a(timer_common_all.o)
 .text.timer_slave_set_prescaler
                0x00000000       0x12 ../../libopencm3//lib/libopencm3_stm32f1.a(timer_common_all.o)
 .text.timer_slave_set_polarity
                0x00000000       0x12 ../../libopencm3//lib/libopencm3_stm32f1.a(timer_common_all.o)
 .text.timer_slave_set_mode
                0x00000000       0x10 ../../libopencm3//lib/libopencm3_stm32f1.a(timer_common_all.o)
 .text.timer_slave_set_trigger
                0x00000000       0x10 ../../libopencm3//lib/libopencm3_stm32f1.a(timer_common_all.o)
 .text.timer_slave_set_extclockmode2
                0x00000000       0x12 ../../libopencm3//lib/libopencm3_stm32f1.a(timer_common_all.o)
 .debug_macro   0x00000000      0xac0 ../../libopencm3//lib/libopencm3_stm32f1.a(timer_common_all.o)
 .debug_macro   0x00000000       0x1c ../../libopencm3//lib/libopencm3_stm32f1.a(timer_common_all.o)
 .debug_macro   0x00000000       0x22 ../../libopencm3//lib/libopencm3_stm32f1.a(timer_common_all.o)
 .debug_macro   0x00000000       0x56 ../../libopencm3//lib/libopencm3_stm32f1.a(timer_common_all.o)
 .debug_macro   0x00000000       0x51 ../../libopencm3//lib/libopencm3_stm32f1.a(timer_common_all.o)
 .debug_macro   0x00000000      0x103 ../../libopencm3//lib/libopencm3_stm32f1.a(timer_common_all.o)
 .debug_macro   0x00000000       0x6a ../../libopencm3//lib/libopencm3_stm32f1.a(timer_common_all.o)
 .debug_macro   0x00000000      0x1df ../../libopencm3//lib/libopencm3_stm32f1.a(timer_common_all.o)
 .debug_macro   0x00000000       0x22 ../../libopencm3//lib/libopencm3_stm32f1.a(timer_common_all.o)
 .debug_macro   0x00000000       0xe8 ../../libopencm3//lib/libopencm3_stm32f1.a(timer_common_all.o)
 .debug_macro   0x00000000       0x76 ../../libopencm3//lib/libopencm3_stm32f1.a(timer_common_all.o)
 .debug_macro   0x00000000      0x1b4 ../../libopencm3//lib/libopencm3_stm32f1.a(timer_common_all.o)
 .debug_macro   0x00000000      0xf8f ../../libopencm3//lib/libopencm3_stm32f1.a(timer_common_all.o)
 .debug_macro   0x00000000      0x8c6 ../../libopencm3//lib/libopencm3_stm32f1.a(timer_common_all.o)
 .group         0x00000000        0xc ../../libopencm3//lib/libopencm3_stm32f1.a(vector.o)
 .group         0x00000000        0xc ../../libopencm3//lib/libopencm3_stm32f1.a(vector.o)
 .group         0x00000000        0xc ../../libopencm3//lib/libopencm3_stm32f1.a(vector.o)
 .group         0x00000000        0xc ../../libopencm3//lib/libopencm3_stm32f1.a(vector.o)
 .group         0x00000000        0xc ../../libopencm3//lib/libopencm3_stm32f1.a(vector.o)
 .group         0x00000000        0xc ../../libopencm3//lib/libopencm3_stm32f1.a(vector.o)
 .group         0x00000000        0xc ../../libopencm3//lib/libopencm3_stm32f1.a(vector.o)
 .group         0x00000000        0xc ../../libopencm3//lib/libopencm3_stm32f1.a(vector.o)
 .group         0x00000000        0xc ../../libopencm3//lib/libopencm3_stm32f1.a(vector.o)
 .group         0x00000000        0xc ../../libopencm3//lib/libopencm3_stm32f1.a(vector.o)
 .group         0x00000000        0xc ../../libopencm3//lib/libopencm3_stm32f1.a(vector.o)
 .group         0x00000000        0xc ../../libopencm3//lib/libopencm3_stm32f1.a(vector.o)
 .group         0x00000000        0xc ../../libopencm3//lib/libopencm3_stm32f1.a(vector.o)
 .group         0x00000000        0xc ../../libopencm3//lib/libopencm3_stm32f1.a(vector.o)
 .text          0x00000000        0x0 ../../libopencm3//lib/libopencm3_stm32f1.a(vector.o)
 .data          0x00000000        0x0 ../../libopencm3//lib/libopencm3_stm32f1.a(vector.o)
 .bss           0x00000000        0x0 ../../libopencm3//lib/libopencm3_stm32f1.a(vector.o)
 .debug_macro   0x00000000      0xac0 ../../libopencm3//lib/libopencm3_stm32f1.a(vector.o)
 .debug_macro   0x00000000       0x76 ../../libopencm3//lib/libopencm3_stm32f1.a(vector.o)
 .debug_macro   0x00000000       0x1c ../../libopencm3//lib/libopencm3_stm32f1.a(vector.o)
 .debug_macro   0x00000000       0x22 ../../libopencm3//lib/libopencm3_stm32f1.a(vector.o)
 .debug_macro   0x00000000       0x56 ../../libopencm3//lib/libopencm3_stm32f1.a(vector.o)
 .debug_macro   0x00000000       0x51 ../../libopencm3//lib/libopencm3_stm32f1.a(vector.o)
 .debug_macro   0x00000000      0x103 ../../libopencm3//lib/libopencm3_stm32f1.a(vector.o)
 .debug_macro   0x00000000       0x6a ../../libopencm3//lib/libopencm3_stm32f1.a(vector.o)
 .debug_macro   0x00000000      0x1df ../../libopencm3//lib/libopencm3_stm32f1.a(vector.o)
 .debug_macro   0x00000000       0x22 ../../libopencm3//lib/libopencm3_stm32f1.a(vector.o)
 .debug_macro   0x00000000       0xe8 ../../libopencm3//lib/libopencm3_stm32f1.a(vector.o)

Memory Configuration

Name             Origin             Length             Attributes
rom              0x08000000         0x00010000         xr
ram              0x20000000         0x00005000         xrw
*default*        0x00000000         0xffffffff

Linker script and memory map

LOAD test-mic.o
LOAD ../../libopencm3//lib/libopencm3_stm32f1.a
START GROUP
LOAD /usr/lib/gcc/arm-none-eabi/14.2.0/../../../../arm-none-eabi/lib/thumb/v7-m/nofp/libc.a
LOAD /usr/lib/gcc/arm-none-eabi/14.2.0/thumb/v7-m/nofp/libgcc.a
LOAD /usr/lib/gcc/arm-none-eabi/14.2.0/../../../../arm-none-eabi/lib/thumb/v7-m/nofp/libnosys.a
END GROUP
START GROUP
LOAD /usr/lib/gcc/arm-none-eabi/14.2.0/thumb/v7-m/nofp/libgcc.a
LOAD /usr/lib/gcc/arm-none-eabi/14.2.0/../../../../arm-none-eabi/lib/thumb/v7-m/nofp/libg.a
LOAD /usr/lib/gcc/arm-none-eabi/14.2.0/../../../../arm-none-eabi/lib/thumb/v7-m/nofp/libc.a
END GROUP

.text           0x08000000      0x5f8
 *(.vectors)
 .vectors       0x08000000      0x150 ../../libopencm3//lib/libopencm3_stm32f1.a(vector.o)
                0x08000000                vector_table
 *(.text*)
 .text.gpio_setup
                0x08000150       0x34 test-mic.o
                0x08000150                gpio_setup
 .text.adc_setup
                0x08000184       0x40 test-mic.o
                0x08000184                adc_setup
 .text.pwm_setup
                0x080001c4       0x3c test-mic.o
                0x080001c4                pwm_setup
 .text.startup.main
                0x08000200       0x34 test-mic.o
                0x08000200                main
 .text.adc_power_on
                0x08000234       0x10 ../../libopencm3//lib/libopencm3_stm32f1.a(adc.o)
                0x08000234                adc_power_on
 .text.adc_set_sample_time_on_all_channels
                0x08000244       0x2a ../../libopencm3//lib/libopencm3_stm32f1.a(adc.o)
                0x08000244                adc_set_sample_time_on_all_channels
 .text.adc_enable_scan_mode
                0x0800026e        0xa ../../libopencm3//lib/libopencm3_stm32f1.a(adc_common_v1.o)
                0x0800026e                adc_enable_scan_mode
 .text.adc_set_regular_sequence
                0x08000278       0x5c ../../libopencm3//lib/libopencm3_stm32f1.a(adc_common_v1.o)
                0x08000278                adc_set_regular_sequence
 .text.gpio_set_mode
                0x080002d4       0x6a ../../libopencm3//lib/libopencm3_stm32f1.a(gpio.o)
                0x080002d4                gpio_set_mode
 .text.rcc_periph_clock_enable
                0x0800033e       0x1a ../../libopencm3//lib/libopencm3_stm32f1.a(rcc_common_all.o)
                0x0800033e                rcc_periph_clock_enable
 .text.timer_enable_counter
                0x08000358        0xa ../../libopencm3//lib/libopencm3_stm32f1.a(timer_common_all.o)
                0x08000358                timer_enable_counter
 .text.timer_set_prescaler
                0x08000362        0x4 ../../libopencm3//lib/libopencm3_stm32f1.a(timer_common_all.o)
                0x08000362                timer_set_prescaler
 .text.timer_set_period
                0x08000366        0x4 ../../libopencm3//lib/libopencm3_stm32f1.a(timer_common_all.o)
                0x08000366                timer_set_period
 .text.timer_set_oc_mode
                0x0800036a      0x18c ../../libopencm3//lib/libopencm3_stm32f1.a(timer_common_all.o)
                0x0800036a                timer_set_oc_mode
 .text.timer_enable_oc_output
                0x080004f6       0x4a ../../libopencm3//lib/libopencm3_stm32f1.a(timer_common_all.o)
                0x080004f6                timer_enable_oc_output
 .text.timer_set_oc_value
                0x08000540       0x20 ../../libopencm3//lib/libopencm3_stm32f1.a(timer_common_all.o)
                0x08000540                timer_set_oc_value
 .text.blocking_handler
                0x08000560        0x2 ../../libopencm3//lib/libopencm3_stm32f1.a(vector.o)
                0x08000560                usart3_isr
                0x08000560                rtc_isr
                0x08000560                tim7_isr
                0x08000560                adc1_2_isr
                0x08000560                tim1_trg_com_isr
                0x08000560                usb_hp_can_tx_isr
                0x08000560                tim6_isr
                0x08000560                usb_wakeup_isr
                0x08000560                blocking_handler
                0x08000560                tim5_isr
                0x08000560                otg_fs_isr
                0x08000560                spi1_isr
                0x08000560                exti2_isr
                0x08000560                dma1_channel6_isr
                0x08000560                can_rx1_isr
                0x08000560                dma1_channel5_isr
                0x08000560                dma2_channel5_isr
                0x08000560                usart1_isr
                0x08000560                usage_fault_handler
                0x08000560                tim8_trg_com_isr
                0x08000560                can2_rx0_isr
                0x08000560                tim1_brk_isr
                0x08000560                can2_rx1_isr
                0x08000560                tim1_cc_isr
                0x08000560                sdio_isr
                0x08000560                eth_isr
                0x08000560                dma1_channel4_isr
                0x08000560                tim8_brk_isr
                0x08000560                dma2_channel4_5_isr
                0x08000560                pvd_isr
                0x08000560                rcc_isr
                0x08000560                flash_isr
                0x08000560                uart4_isr
                0x08000560                rtc_alarm_isr
                0x08000560                exti15_10_isr
                0x08000560                hard_fault_handler
                0x08000560                exti1_isr
                0x08000560                i2c1_ev_isr
                0x08000560                dma2_channel1_isr
                0x08000560                spi2_isr
                0x08000560                tim8_up_isr
                0x08000560                dma2_channel2_isr
                0x08000560                exti3_isr
                0x08000560                adc3_isr
                0x08000560                tim3_isr
                0x08000560                usart2_isr
                0x08000560                usb_lp_can_rx0_isr
                0x08000560                i2c2_er_isr
                0x08000560                i2c2_ev_isr
                0x08000560                uart5_isr
                0x08000560                fsmc_isr
                0x08000560                dma1_channel1_isr
                0x08000560                exti4_isr
                0x08000560                mem_manage_handler
                0x08000560                can2_tx_isr
                0x08000560                exti9_5_isr
                0x08000560                dma2_channel3_isr
                0x08000560                dma1_channel7_isr
                0x08000560                tim1_up_isr
                0x08000560                can2_sce_isr
                0x08000560                tim4_isr
                0x08000560                dma1_channel2_isr
                0x08000560                i2c1_er_isr
                0x08000560                can_sce_isr
                0x08000560                tim8_cc_isr
                0x08000560                tamper_isr
                0x08000560                eth_wkup_isr
                0x08000560                bus_fault_handler
                0x08000560                wwdg_isr
                0x08000560                dma1_channel3_isr
                0x08000560                spi3_isr
                0x08000560                tim2_isr
                0x08000560                exti0_isr
 .text.null_handler
                0x08000562        0x2 ../../libopencm3//lib/libopencm3_stm32f1.a(vector.o)
                0x08000562                null_handler
                0x08000562                sv_call_handler
                0x08000562                pend_sv_handler
                0x08000562                debug_monitor_handler
                0x08000562                sys_tick_handler
                0x08000562                nmi_handler
 .text.reset_handler
                0x08000564       0x94 ../../libopencm3//lib/libopencm3_stm32f1.a(vector.o)
                0x08000564                reset_handler
                0x080005f8                        . = ALIGN (0x4)
 *(.rodata*)
                0x080005f8                        . = ALIGN (0x4)

.glue_7         0x080005f8        0x0
 .glue_7        0x080005f8        0x0 linker stubs

.glue_7t        0x080005f8        0x0
 .glue_7t       0x080005f8        0x0 linker stubs

.vfp11_veneer   0x080005f8        0x0
 .vfp11_veneer  0x080005f8        0x0 linker stubs

.v4_bx          0x080005f8        0x0
 .v4_bx         0x080005f8        0x0 linker stubs

.iplt           0x080005f8        0x0
 .iplt          0x080005f8        0x0 test-mic.o

.rel.dyn        0x080005f8        0x0
 .rel.iplt      0x080005f8        0x0 test-mic.o

.preinit_array  0x080005f8        0x0
                0x080005f8                        . = ALIGN (0x4)
                0x080005f8                        __preinit_array_start = .
 *(.preinit_array)
                0x080005f8                        __preinit_array_end = .

.init_array     0x080005f8        0x0
                0x080005f8                        . = ALIGN (0x4)
                0x080005f8                        __init_array_start = .
 *(SORT_BY_NAME(.init_array.*))
 *(.init_array)
                0x080005f8                        __init_array_end = .

.fini_array     0x080005f8        0x0
                0x080005f8                        . = ALIGN (0x4)
                0x080005f8                        __fini_array_start = .
 *(.fini_array)
 *(SORT_BY_NAME(.fini_array.*))
                0x080005f8                        __fini_array_end = .

.ARM.extab
 *(.ARM.extab*)

.ARM.exidx      0x080005f8        0x0
                0x080005f8                        __exidx_start = .
 *(.ARM.exidx*)
                0x080005f8                        __exidx_end = .
                0x080005f8                        . = ALIGN (0x4)
                0x080005f8                        _etext = .

.noinit
 *(.noinit*)
                0x080005f8                        . = ALIGN (0x4)

.data           0x20000000        0x0 load address 0x080005f8
                0x20000000                        _data = .
 *(.data*)
 *(.ramtext*)
                0x20000000                        . = ALIGN (0x4)
                0x20000000                        _edata = .
                0x080005f8                        _data_loadaddr = LOADADDR (.data)

.igot.plt       0x20000000        0x0 load address 0x080005f8
 .igot.plt      0x20000000        0x0 test-mic.o

.bss            0x20000000        0x0 load address 0x080005f8
 *(.bss*)
 *(COMMON)
                0x20000000                        . = ALIGN (0x4)
                0x20000000                        _ebss = .

/DISCARD/
 *(.eh_frame)
                0x20000000                        . = ALIGN (0x4)
                0x20000000                        end = .
                0x20005000                        PROVIDE (_stack = (ORIGIN (ram) + LENGTH (ram)))
OUTPUT(test-mic.elf elf32-littlearm)
LOAD linker stubs

.debug_info     0x00000000     0x2da2
 .debug_info    0x00000000      0x6e1 test-mic.o
 .debug_info    0x000006e1      0x397 ../../libopencm3//lib/libopencm3_stm32f1.a(adc.o)
 .debug_info    0x00000a78      0x858 ../../libopencm3//lib/libopencm3_stm32f1.a(adc_common_v1.o)
 .debug_info    0x000012d0      0x1fd ../../libopencm3//lib/libopencm3_stm32f1.a(gpio.o)
 .debug_info    0x000014cd      0x60d ../../libopencm3//lib/libopencm3_stm32f1.a(rcc_common_all.o)
 .debug_info    0x00001ada     0x1004 ../../libopencm3//lib/libopencm3_stm32f1.a(timer_common_all.o)
 .debug_info    0x00002ade      0x2c4 ../../libopencm3//lib/libopencm3_stm32f1.a(vector.o)

.debug_abbrev   0x00000000      0xa00
 .debug_abbrev  0x00000000      0x173 test-mic.o
 .debug_abbrev  0x00000173      0x195 ../../libopencm3//lib/libopencm3_stm32f1.a(adc.o)
 .debug_abbrev  0x00000308      0x1ab ../../libopencm3//lib/libopencm3_stm32f1.a(adc_common_v1.o)
 .debug_abbrev  0x000004b3       0xd3 ../../libopencm3//lib/libopencm3_stm32f1.a(gpio.o)
 .debug_abbrev  0x00000586      0x185 ../../libopencm3//lib/libopencm3_stm32f1.a(rcc_common_all.o)
 .debug_abbrev  0x0000070b      0x1ac ../../libopencm3//lib/libopencm3_stm32f1.a(timer_common_all.o)
 .debug_abbrev  0x000008b7      0x149 ../../libopencm3//lib/libopencm3_stm32f1.a(vector.o)

.debug_loclists
                0x00000000      0x8d6
 .debug_loclists
                0x00000000       0x49 test-mic.o
 .debug_loclists
                0x00000049      0x164 ../../libopencm3//lib/libopencm3_stm32f1.a(adc.o)
 .debug_loclists
                0x000001ad      0x325 ../../libopencm3//lib/libopencm3_stm32f1.a(adc_common_v1.o)
 .debug_loclists
                0x000004d2      0x100 ../../libopencm3//lib/libopencm3_stm32f1.a(gpio.o)
 .debug_loclists
                0x000005d2       0x87 ../../libopencm3//lib/libopencm3_stm32f1.a(rcc_common_all.o)
 .debug_loclists
                0x00000659      0x1d5 ../../libopencm3//lib/libopencm3_stm32f1.a(timer_common_all.o)
 .debug_loclists
                0x0000082e       0xa8 ../../libopencm3//lib/libopencm3_stm32f1.a(vector.o)

.debug_aranges  0x00000000      0x590
 .debug_aranges
                0x00000000       0x40 test-mic.o
 .debug_aranges
                0x00000040       0x98 ../../libopencm3//lib/libopencm3_stm32f1.a(adc.o)
 .debug_aranges
                0x000000d8      0x158 ../../libopencm3//lib/libopencm3_stm32f1.a(adc_common_v1.o)
 .debug_aranges
                0x00000230       0x38 ../../libopencm3//lib/libopencm3_stm32f1.a(gpio.o)
 .debug_aranges
                0x00000268       0x80 ../../libopencm3//lib/libopencm3_stm32f1.a(rcc_common_all.o)
 .debug_aranges
                0x000002e8      0x278 ../../libopencm3//lib/libopencm3_stm32f1.a(timer_common_all.o)
 .debug_aranges
                0x00000560       0x30 ../../libopencm3//lib/libopencm3_stm32f1.a(vector.o)

.debug_rnglists
                0x00000000      0x40b
 .debug_rnglists
                0x00000000       0x2b test-mic.o
 .debug_rnglists
                0x0000002b       0x6d ../../libopencm3//lib/libopencm3_stm32f1.a(adc.o)
 .debug_rnglists
                0x00000098       0xfd ../../libopencm3//lib/libopencm3_stm32f1.a(adc_common_v1.o)
 .debug_rnglists
                0x00000195       0x25 ../../libopencm3//lib/libopencm3_stm32f1.a(gpio.o)
 .debug_rnglists
                0x000001ba       0x5b ../../libopencm3//lib/libopencm3_stm32f1.a(rcc_common_all.o)
 .debug_rnglists
                0x00000215      0x1d6 ../../libopencm3//lib/libopencm3_stm32f1.a(timer_common_all.o)
 .debug_rnglists
                0x000003eb       0x20 ../../libopencm3//lib/libopencm3_stm32f1.a(vector.o)

.debug_macro    0x00000000     0x4cf9
 .debug_macro   0x00000000      0x10d test-mic.o
 .debug_macro   0x0000010d      0xac0 test-mic.o
 .debug_macro   0x00000bcd       0x1c test-mic.o
 .debug_macro   0x00000be9       0x22 test-mic.o
 .debug_macro   0x00000c0b       0x56 test-mic.o
 .debug_macro   0x00000c61       0x51 test-mic.o
 .debug_macro   0x00000cb2      0x103 test-mic.o
 .debug_macro   0x00000db5       0x6a test-mic.o
 .debug_macro   0x00000e1f      0x1df test-mic.o
 .debug_macro   0x00000ffe       0x22 test-mic.o
 .debug_macro   0x00001020       0xe8 test-mic.o
 .debug_macro   0x00001108       0x76 test-mic.o
 .debug_macro   0x0000117e      0x1b4 test-mic.o
 .debug_macro   0x00001332      0x449 test-mic.o
 .debug_macro   0x0000177b      0x456 test-mic.o
 .debug_macro   0x00001bd1      0x8c6 test-mic.o
 .debug_macro   0x00002497       0x76 test-mic.o
 .debug_macro   0x0000250d      0xe2e test-mic.o
 .debug_macro   0x0000333b      0xf8f test-mic.o
 .debug_macro   0x000042ca       0xb8 ../../libopencm3//lib/libopencm3_stm32f1.a(adc.o)
 .debug_macro   0x00004382       0xb8 ../../libopencm3//lib/libopencm3_stm32f1.a(adc_common_v1.o)
 .debug_macro   0x0000443a       0xb8 ../../libopencm3//lib/libopencm3_stm32f1.a(gpio.o)
 .debug_macro   0x000044f2       0xce ../../libopencm3//lib/libopencm3_stm32f1.a(rcc_common_all.o)
 .debug_macro   0x000045c0       0xc5 ../../libopencm3//lib/libopencm3_stm32f1.a(timer_common_all.o)
 .debug_macro   0x00004685       0xcf ../../libopencm3//lib/libopencm3_stm32f1.a(vector.o)
 .debug_macro   0x00004754      0x395 ../../libopencm3//lib/libopencm3_stm32f1.a(vector.o)
 .debug_macro   0x00004ae9       0x6e ../../libopencm3//lib/libopencm3_stm32f1.a(vector.o)
 .debug_macro   0x00004b57      0x1a2 ../../libopencm3//lib/libopencm3_stm32f1.a(vector.o)

.debug_line     0x00000000     0x2bde
 .debug_line    0x00000000      0x3e5 test-mic.o
 .debug_line    0x000003e5      0x51d ../../libopencm3//lib/libopencm3_stm32f1.a(adc.o)
 .debug_line    0x00000902      0x81d ../../libopencm3//lib/libopencm3_stm32f1.a(adc_common_v1.o)
 .debug_line    0x0000111f      0x37c ../../libopencm3//lib/libopencm3_stm32f1.a(gpio.o)
 .debug_line    0x0000149b      0x3dc ../../libopencm3//lib/libopencm3_stm32f1.a(rcc_common_all.o)
 .debug_line    0x00001877     0x1017 ../../libopencm3//lib/libopencm3_stm32f1.a(timer_common_all.o)
 .debug_line    0x0000288e      0x350 ../../libopencm3//lib/libopencm3_stm32f1.a(vector.o)

.debug_str      0x00000000    0x14e42
 .debug_str     0x00000000    0x14e42 test-mic.o
                              0x1166e (size before relaxing)
 .debug_str     0x00014e42     0x74c9 ../../libopencm3//lib/libopencm3_stm32f1.a(adc.o)
 .debug_str     0x00014e42     0x781a ../../libopencm3//lib/libopencm3_stm32f1.a(adc_common_v1.o)
 .debug_str     0x00014e42     0x86cd ../../libopencm3//lib/libopencm3_stm32f1.a(gpio.o)
 .debug_str     0x00014e42     0x7a30 ../../libopencm3//lib/libopencm3_stm32f1.a(rcc_common_all.o)
 .debug_str     0x00014e42     0xbfcc ../../libopencm3//lib/libopencm3_stm32f1.a(timer_common_all.o)
 .debug_str     0x00014e42     0x6707 ../../libopencm3//lib/libopencm3_stm32f1.a(vector.o)

.comment        0x00000000       0x1e
 .comment       0x00000000       0x1e test-mic.o
                                 0x1f (size before relaxing)
 .comment       0x0000001e       0x1f ../../libopencm3//lib/libopencm3_stm32f1.a(adc.o)
 .comment       0x0000001e       0x1f ../../libopencm3//lib/libopencm3_stm32f1.a(adc_common_v1.o)
 .comment       0x0000001e       0x1f ../../libopencm3//lib/libopencm3_stm32f1.a(gpio.o)
 .comment       0x0000001e       0x1f ../../libopencm3//lib/libopencm3_stm32f1.a(rcc_common_all.o)
 .comment       0x0000001e       0x1f ../../libopencm3//lib/libopencm3_stm32f1.a(timer_common_all.o)
 .comment       0x0000001e       0x1f ../../libopencm3//lib/libopencm3_stm32f1.a(vector.o)

.ARM.attributes
                0x00000000       0x2d
 .ARM.attributes
                0x00000000       0x2d test-mic.o
 .ARM.attributes
                0x0000002d       0x2d ../../libopencm3//lib/libopencm3_stm32f1.a(adc.o)
 .ARM.attributes
                0x0000005a       0x2d ../../libopencm3//lib/libopencm3_stm32f1.a(adc_common_v1.o)
 .ARM.attributes
                0x00000087       0x2d ../../libopencm3//lib/libopencm3_stm32f1.a(gpio.o)
 .ARM.attributes
                0x000000b4       0x2d ../../libopencm3//lib/libopencm3_stm32f1.a(rcc_common_all.o)
 .ARM.attributes
                0x000000e1       0x2d ../../libopencm3//lib/libopencm3_stm32f1.a(timer_common_all.o)
 .ARM.attributes
                0x0000010e       0x2d ../../libopencm3//lib/libopencm3_stm32f1.a(vector.o)

.debug_frame    0x00000000      0xad8
 .debug_frame   0x00000000       0x94 test-mic.o
 .debug_frame   0x00000094      0x128 ../../libopencm3//lib/libopencm3_stm32f1.a(adc.o)
 .debug_frame   0x000001bc      0x2b4 ../../libopencm3//lib/libopencm3_stm32f1.a(adc_common_v1.o)
 .debug_frame   0x00000470       0x64 ../../libopencm3//lib/libopencm3_stm32f1.a(gpio.o)
 .debug_frame   0x000004d4       0xe0 ../../libopencm3//lib/libopencm3_stm32f1.a(rcc_common_all.o)
 .debug_frame   0x000005b4      0x4d8 ../../libopencm3//lib/libopencm3_stm32f1.a(timer_common_all.o)
 .debug_frame   0x00000a8c       0x4c ../../libopencm3//lib/libopencm3_stm32f1.a(vector.o)

Cross Reference Table

Symbol                                            File
__fini_array_end                                  ../../libopencm3//lib/libopencm3_stm32f1.a(vector.o)
__fini_array_start                                ../../libopencm3//lib/libopencm3_stm32f1.a(vector.o)
__init_array_end                                  ../../libopencm3//lib/libopencm3_stm32f1.a(vector.o)
__init_array_start                                ../../libopencm3//lib/libopencm3_stm32f1.a(vector.o)
__preinit_array_end                               ../../libopencm3//lib/libopencm3_stm32f1.a(vector.o)
__preinit_array_start                             ../../libopencm3//lib/libopencm3_stm32f1.a(vector.o)
_data                                             ../../libopencm3//lib/libopencm3_stm32f1.a(vector.o)
_data_loadaddr                                    ../../libopencm3//lib/libopencm3_stm32f1.a(vector.o)
_ebss                                             ../../libopencm3//lib/libopencm3_stm32f1.a(vector.o)
_edata                                            ../../libopencm3//lib/libopencm3_stm32f1.a(vector.o)
_stack                                            ../../libopencm3//lib/libopencm3_stm32f1.a(vector.o)
adc1_2_isr                                        ../../libopencm3//lib/libopencm3_stm32f1.a(vector.o)
adc3_isr                                          ../../libopencm3//lib/libopencm3_stm32f1.a(vector.o)
adc_calibrate                                     ../../libopencm3//lib/libopencm3_stm32f1.a(adc.o)
adc_calibrate_async                               ../../libopencm3//lib/libopencm3_stm32f1.a(adc.o)
adc_calibration                                   ../../libopencm3//lib/libopencm3_stm32f1.a(adc.o)
adc_clear_flag                                    ../../libopencm3//lib/libopencm3_stm32f1.a(adc_common_v1.o)
adc_disable_analog_watchdog_injected              ../../libopencm3//lib/libopencm3_stm32f1.a(adc_common_v1.o)
adc_disable_analog_watchdog_regular               ../../libopencm3//lib/libopencm3_stm32f1.a(adc_common_v1.o)
adc_disable_automatic_injected_group_conversion   ../../libopencm3//lib/libopencm3_stm32f1.a(adc_common_v1.o)
adc_disable_awd_interrupt                         ../../libopencm3//lib/libopencm3_stm32f1.a(adc_common_v1.o)
adc_disable_discontinuous_mode_injected           ../../libopencm3//lib/libopencm3_stm32f1.a(adc_common_v1.o)
adc_disable_discontinuous_mode_regular            ../../libopencm3//lib/libopencm3_stm32f1.a(adc_common_v1.o)
adc_disable_dma                                   ../../libopencm3//lib/libopencm3_stm32f1.a(adc_common_v1.o)
adc_disable_eoc_interrupt                         ../../libopencm3//lib/libopencm3_stm32f1.a(adc_common_v1.o)
adc_disable_eoc_interrupt_injected                ../../libopencm3//lib/libopencm3_stm32f1.a(adc_common_v1.o)
adc_disable_external_trigger_injected             ../../libopencm3//lib/libopencm3_stm32f1.a(adc.o)
                                                  ../../libopencm3//lib/libopencm3_stm32f1.a(adc_common_v1.o)
adc_disable_external_trigger_regular              ../../libopencm3//lib/libopencm3_stm32f1.a(adc.o)
adc_disable_scan_mode                             ../../libopencm3//lib/libopencm3_stm32f1.a(adc_common_v1.o)
adc_disable_temperature_sensor                    ../../libopencm3//lib/libopencm3_stm32f1.a(adc.o)
adc_enable_analog_watchdog_injected               ../../libopencm3//lib/libopencm3_stm32f1.a(adc_common_v1.o)
adc_enable_analog_watchdog_on_all_channels        ../../libopencm3//lib/libopencm3_stm32f1.a(adc_common_v1.o)
adc_enable_analog_watchdog_on_selected_channel    ../../libopencm3//lib/libopencm3_stm32f1.a(adc_common_v1.o)
adc_enable_analog_watchdog_regular                ../../libopencm3//lib/libopencm3_stm32f1.a(adc_common_v1.o)
adc_enable_automatic_injected_group_conversion    ../../libopencm3//lib/libopencm3_stm32f1.a(adc_common_v1.o)
adc_enable_awd_interrupt                          ../../libopencm3//lib/libopencm3_stm32f1.a(adc_common_v1.o)
adc_enable_discontinuous_mode_injected            ../../libopencm3//lib/libopencm3_stm32f1.a(adc_common_v1.o)
adc_enable_discontinuous_mode_regular             ../../libopencm3//lib/libopencm3_stm32f1.a(adc_common_v1.o)
adc_enable_dma                                    ../../libopencm3//lib/libopencm3_stm32f1.a(adc_common_v1.o)
adc_enable_eoc_interrupt                          ../../libopencm3//lib/libopencm3_stm32f1.a(adc_common_v1.o)
adc_enable_eoc_interrupt_injected                 ../../libopencm3//lib/libopencm3_stm32f1.a(adc_common_v1.o)
adc_enable_external_trigger_injected              ../../libopencm3//lib/libopencm3_stm32f1.a(adc.o)
adc_enable_external_trigger_regular               ../../libopencm3//lib/libopencm3_stm32f1.a(adc.o)
adc_enable_scan_mode                              ../../libopencm3//lib/libopencm3_stm32f1.a(adc_common_v1.o)
                                                  test-mic.o
adc_enable_temperature_sensor                     ../../libopencm3//lib/libopencm3_stm32f1.a(adc.o)
adc_eoc                                           ../../libopencm3//lib/libopencm3_stm32f1.a(adc_common_v1.o)
adc_eoc_injected                                  ../../libopencm3//lib/libopencm3_stm32f1.a(adc_common_v1.o)
adc_get_flag                                      ../../libopencm3//lib/libopencm3_stm32f1.a(adc_common_v1.o)
adc_is_calibrating                                ../../libopencm3//lib/libopencm3_stm32f1.a(adc.o)
adc_power_off                                     ../../libopencm3//lib/libopencm3_stm32f1.a(adc_common_v1.o)
adc_power_on                                      ../../libopencm3//lib/libopencm3_stm32f1.a(adc.o)
                                                  test-mic.o
adc_read_injected                                 ../../libopencm3//lib/libopencm3_stm32f1.a(adc_common_v1.o)
adc_read_regular                                  ../../libopencm3//lib/libopencm3_stm32f1.a(adc_common_v1.o)
                                                  test-mic.o
adc_reset_calibration                             ../../libopencm3//lib/libopencm3_stm32f1.a(adc.o)
adc_set_continuous_conversion_mode                ../../libopencm3//lib/libopencm3_stm32f1.a(adc_common_v1.o)
adc_set_dual_mode                                 ../../libopencm3//lib/libopencm3_stm32f1.a(adc.o)
adc_set_injected_offset                           ../../libopencm3//lib/libopencm3_stm32f1.a(adc_common_v1.o)
adc_set_injected_sequence                         ../../libopencm3//lib/libopencm3_stm32f1.a(adc_common_v1.o)
adc_set_left_aligned                              ../../libopencm3//lib/libopencm3_stm32f1.a(adc_common_v1.o)
adc_set_regular_sequence                          ../../libopencm3//lib/libopencm3_stm32f1.a(adc_common_v1.o)
                                                  test-mic.o
adc_set_right_aligned                             ../../libopencm3//lib/libopencm3_stm32f1.a(adc_common_v1.o)
adc_set_sample_time                               ../../libopencm3//lib/libopencm3_stm32f1.a(adc.o)
adc_set_sample_time_on_all_channels               ../../libopencm3//lib/libopencm3_stm32f1.a(adc.o)
                                                  test-mic.o
adc_set_single_conversion_mode                    ../../libopencm3//lib/libopencm3_stm32f1.a(adc_common_v1.o)
adc_set_watchdog_high_threshold                   ../../libopencm3//lib/libopencm3_stm32f1.a(adc_common_v1.o)
adc_set_watchdog_low_threshold                    ../../libopencm3//lib/libopencm3_stm32f1.a(adc_common_v1.o)
adc_setup                                         test-mic.o
adc_start_conversion_direct                       ../../libopencm3//lib/libopencm3_stm32f1.a(adc.o)
adc_start_conversion_injected                     ../../libopencm3//lib/libopencm3_stm32f1.a(adc_common_v1.o)
adc_start_conversion_regular                      ../../libopencm3//lib/libopencm3_stm32f1.a(adc_common_v1.o)
                                                  test-mic.o
blocking_handler                                  ../../libopencm3//lib/libopencm3_stm32f1.a(vector.o)
bus_fault_handler                                 ../../libopencm3//lib/libopencm3_stm32f1.a(vector.o)
can2_rx0_isr                                      ../../libopencm3//lib/libopencm3_stm32f1.a(vector.o)
can2_rx1_isr                                      ../../libopencm3//lib/libopencm3_stm32f1.a(vector.o)
can2_sce_isr                                      ../../libopencm3//lib/libopencm3_stm32f1.a(vector.o)
can2_tx_isr                                       ../../libopencm3//lib/libopencm3_stm32f1.a(vector.o)
can_rx1_isr                                       ../../libopencm3//lib/libopencm3_stm32f1.a(vector.o)
can_sce_isr                                       ../../libopencm3//lib/libopencm3_stm32f1.a(vector.o)
debug_monitor_handler                             ../../libopencm3//lib/libopencm3_stm32f1.a(vector.o)
dma1_channel1_isr                                 ../../libopencm3//lib/libopencm3_stm32f1.a(vector.o)
dma1_channel2_isr                                 ../../libopencm3//lib/libopencm3_stm32f1.a(vector.o)
dma1_channel3_isr                                 ../../libopencm3//lib/libopencm3_stm32f1.a(vector.o)
dma1_channel4_isr                                 ../../libopencm3//lib/libopencm3_stm32f1.a(vector.o)
dma1_channel5_isr                                 ../../libopencm3//lib/libopencm3_stm32f1.a(vector.o)
dma1_channel6_isr                                 ../../libopencm3//lib/libopencm3_stm32f1.a(vector.o)
dma1_channel7_isr                                 ../../libopencm3//lib/libopencm3_stm32f1.a(vector.o)
dma2_channel1_isr                                 ../../libopencm3//lib/libopencm3_stm32f1.a(vector.o)
dma2_channel2_isr                                 ../../libopencm3//lib/libopencm3_stm32f1.a(vector.o)
dma2_channel3_isr                                 ../../libopencm3//lib/libopencm3_stm32f1.a(vector.o)
dma2_channel4_5_isr                               ../../libopencm3//lib/libopencm3_stm32f1.a(vector.o)
dma2_channel5_isr                                 ../../libopencm3//lib/libopencm3_stm32f1.a(vector.o)
eth_isr                                           ../../libopencm3//lib/libopencm3_stm32f1.a(vector.o)
eth_wkup_isr                                      ../../libopencm3//lib/libopencm3_stm32f1.a(vector.o)
exti0_isr                                         ../../libopencm3//lib/libopencm3_stm32f1.a(vector.o)
exti15_10_isr                                     ../../libopencm3//lib/libopencm3_stm32f1.a(vector.o)
exti1_isr                                         ../../libopencm3//lib/libopencm3_stm32f1.a(vector.o)
exti2_isr                                         ../../libopencm3//lib/libopencm3_stm32f1.a(vector.o)
exti3_isr                                         ../../libopencm3//lib/libopencm3_stm32f1.a(vector.o)
exti4_isr                                         ../../libopencm3//lib/libopencm3_stm32f1.a(vector.o)
exti9_5_isr                                       ../../libopencm3//lib/libopencm3_stm32f1.a(vector.o)
flash_isr                                         ../../libopencm3//lib/libopencm3_stm32f1.a(vector.o)
fsmc_isr                                          ../../libopencm3//lib/libopencm3_stm32f1.a(vector.o)
gpio_primary_remap                                ../../libopencm3//lib/libopencm3_stm32f1.a(gpio.o)
gpio_secondary_remap                              ../../libopencm3//lib/libopencm3_stm32f1.a(gpio.o)
gpio_set_eventout                                 ../../libopencm3//lib/libopencm3_stm32f1.a(gpio.o)
gpio_set_mode                                     ../../libopencm3//lib/libopencm3_stm32f1.a(gpio.o)
                                                  test-mic.o
gpio_setup                                        test-mic.o
hard_fault_handler                                ../../libopencm3//lib/libopencm3_stm32f1.a(vector.o)
i2c1_er_isr                                       ../../libopencm3//lib/libopencm3_stm32f1.a(vector.o)
i2c1_ev_isr                                       ../../libopencm3//lib/libopencm3_stm32f1.a(vector.o)
i2c2_er_isr                                       ../../libopencm3//lib/libopencm3_stm32f1.a(vector.o)
i2c2_ev_isr                                       ../../libopencm3//lib/libopencm3_stm32f1.a(vector.o)
main                                              test-mic.o
                                                  ../../libopencm3//lib/libopencm3_stm32f1.a(vector.o)
mem_manage_handler                                ../../libopencm3//lib/libopencm3_stm32f1.a(vector.o)
nmi_handler                                       ../../libopencm3//lib/libopencm3_stm32f1.a(vector.o)
null_handler                                      ../../libopencm3//lib/libopencm3_stm32f1.a(vector.o)
otg_fs_isr                                        ../../libopencm3//lib/libopencm3_stm32f1.a(vector.o)
pend_sv_handler                                   ../../libopencm3//lib/libopencm3_stm32f1.a(vector.o)
pvd_isr                                           ../../libopencm3//lib/libopencm3_stm32f1.a(vector.o)
pwm_setup                                         test-mic.o
rcc_get_div_from_hpre                             ../../libopencm3//lib/libopencm3_stm32f1.a(rcc_common_all.o)
rcc_isr                                           ../../libopencm3//lib/libopencm3_stm32f1.a(vector.o)
rcc_osc_bypass_disable                            ../../libopencm3//lib/libopencm3_stm32f1.a(rcc_common_all.o)
rcc_osc_bypass_enable                             ../../libopencm3//lib/libopencm3_stm32f1.a(rcc_common_all.o)
rcc_periph_clock_disable                          ../../libopencm3//lib/libopencm3_stm32f1.a(rcc_common_all.o)
rcc_periph_clock_enable                           ../../libopencm3//lib/libopencm3_stm32f1.a(rcc_common_all.o)
                                                  test-mic.o
rcc_periph_reset_hold                             ../../libopencm3//lib/libopencm3_stm32f1.a(rcc_common_all.o)
rcc_periph_reset_pulse                            ../../libopencm3//lib/libopencm3_stm32f1.a(rcc_common_all.o)
rcc_periph_reset_release                          ../../libopencm3//lib/libopencm3_stm32f1.a(rcc_common_all.o)
rcc_peripheral_clear_reset                        ../../libopencm3//lib/libopencm3_stm32f1.a(rcc_common_all.o)
rcc_peripheral_disable_clock                      ../../libopencm3//lib/libopencm3_stm32f1.a(rcc_common_all.o)
rcc_peripheral_enable_clock                       ../../libopencm3//lib/libopencm3_stm32f1.a(rcc_common_all.o)
rcc_peripheral_reset                              ../../libopencm3//lib/libopencm3_stm32f1.a(rcc_common_all.o)
rcc_set_mco                                       ../../libopencm3//lib/libopencm3_stm32f1.a(rcc_common_all.o)
read_adc                                          test-mic.o
reset_handler                                     ../../libopencm3//lib/libopencm3_stm32f1.a(vector.o)
rtc_alarm_isr                                     ../../libopencm3//lib/libopencm3_stm32f1.a(vector.o)
rtc_isr                                           ../../libopencm3//lib/libopencm3_stm32f1.a(vector.o)
sdio_isr                                          ../../libopencm3//lib/libopencm3_stm32f1.a(vector.o)
spi1_isr                                          ../../libopencm3//lib/libopencm3_stm32f1.a(vector.o)
spi2_isr                                          ../../libopencm3//lib/libopencm3_stm32f1.a(vector.o)
spi3_isr                                          ../../libopencm3//lib/libopencm3_stm32f1.a(vector.o)
sv_call_handler                                   ../../libopencm3//lib/libopencm3_stm32f1.a(vector.o)
sys_tick_handler                                  ../../libopencm3//lib/libopencm3_stm32f1.a(vector.o)
tamper_isr                                        ../../libopencm3//lib/libopencm3_stm32f1.a(vector.o)
tim1_brk_isr                                      ../../libopencm3//lib/libopencm3_stm32f1.a(vector.o)
tim1_cc_isr                                       ../../libopencm3//lib/libopencm3_stm32f1.a(vector.o)
tim1_trg_com_isr                                  ../../libopencm3//lib/libopencm3_stm32f1.a(vector.o)
tim1_up_isr                                       ../../libopencm3//lib/libopencm3_stm32f1.a(vector.o)
tim2_isr                                          ../../libopencm3//lib/libopencm3_stm32f1.a(vector.o)
tim3_isr                                          ../../libopencm3//lib/libopencm3_stm32f1.a(vector.o)
tim4_isr                                          ../../libopencm3//lib/libopencm3_stm32f1.a(vector.o)
tim5_isr                                          ../../libopencm3//lib/libopencm3_stm32f1.a(vector.o)
tim6_isr                                          ../../libopencm3//lib/libopencm3_stm32f1.a(vector.o)
tim7_isr                                          ../../libopencm3//lib/libopencm3_stm32f1.a(vector.o)
tim8_brk_isr                                      ../../libopencm3//lib/libopencm3_stm32f1.a(vector.o)
tim8_cc_isr                                       ../../libopencm3//lib/libopencm3_stm32f1.a(vector.o)
tim8_trg_com_isr                                  ../../libopencm3//lib/libopencm3_stm32f1.a(vector.o)
tim8_up_isr                                       ../../libopencm3//lib/libopencm3_stm32f1.a(vector.o)
timer_clear_flag                                  ../../libopencm3//lib/libopencm3_stm32f1.a(timer_common_all.o)
timer_continuous_mode                             ../../libopencm3//lib/libopencm3_stm32f1.a(timer_common_all.o)
timer_direction_down                              ../../libopencm3//lib/libopencm3_stm32f1.a(timer_common_all.o)
timer_direction_up                                ../../libopencm3//lib/libopencm3_stm32f1.a(timer_common_all.o)
timer_disable_break                               ../../libopencm3//lib/libopencm3_stm32f1.a(timer_common_all.o)
timer_disable_break_automatic_output              ../../libopencm3//lib/libopencm3_stm32f1.a(timer_common_all.o)
timer_disable_break_main_output                   ../../libopencm3//lib/libopencm3_stm32f1.a(timer_common_all.o)
timer_disable_compare_control_update_on_trigger   ../../libopencm3//lib/libopencm3_stm32f1.a(timer_common_all.o)
timer_disable_counter                             ../../libopencm3//lib/libopencm3_stm32f1.a(timer_common_all.o)
timer_disable_irq                                 ../../libopencm3//lib/libopencm3_stm32f1.a(timer_common_all.o)
timer_disable_oc_clear                            ../../libopencm3//lib/libopencm3_stm32f1.a(timer_common_all.o)
timer_disable_oc_output                           ../../libopencm3//lib/libopencm3_stm32f1.a(timer_common_all.o)
timer_disable_oc_preload                          ../../libopencm3//lib/libopencm3_stm32f1.a(timer_common_all.o)
timer_disable_preload                             ../../libopencm3//lib/libopencm3_stm32f1.a(timer_common_all.o)
timer_disable_preload_complementry_enable_bits    ../../libopencm3//lib/libopencm3_stm32f1.a(timer_common_all.o)
timer_disable_update_event                        ../../libopencm3//lib/libopencm3_stm32f1.a(timer_common_all.o)
timer_enable_break                                ../../libopencm3//lib/libopencm3_stm32f1.a(timer_common_all.o)
timer_enable_break_automatic_output               ../../libopencm3//lib/libopencm3_stm32f1.a(timer_common_all.o)
timer_enable_break_main_output                    ../../libopencm3//lib/libopencm3_stm32f1.a(timer_common_all.o)
timer_enable_compare_control_update_on_trigger    ../../libopencm3//lib/libopencm3_stm32f1.a(timer_common_all.o)
timer_enable_counter                              ../../libopencm3//lib/libopencm3_stm32f1.a(timer_common_all.o)
                                                  test-mic.o
timer_enable_irq                                  ../../libopencm3//lib/libopencm3_stm32f1.a(timer_common_all.o)
timer_enable_oc_clear                             ../../libopencm3//lib/libopencm3_stm32f1.a(timer_common_all.o)
timer_enable_oc_output                            ../../libopencm3//lib/libopencm3_stm32f1.a(timer_common_all.o)
                                                  test-mic.o
timer_enable_oc_preload                           ../../libopencm3//lib/libopencm3_stm32f1.a(timer_common_all.o)
timer_enable_preload                              ../../libopencm3//lib/libopencm3_stm32f1.a(timer_common_all.o)
timer_enable_preload_complementry_enable_bits     ../../libopencm3//lib/libopencm3_stm32f1.a(timer_common_all.o)
timer_enable_update_event                         ../../libopencm3//lib/libopencm3_stm32f1.a(timer_common_all.o)
timer_generate_event                              ../../libopencm3//lib/libopencm3_stm32f1.a(timer_common_all.o)
timer_get_counter                                 ../../libopencm3//lib/libopencm3_stm32f1.a(timer_common_all.o)
timer_get_flag                                    ../../libopencm3//lib/libopencm3_stm32f1.a(timer_common_all.o)
timer_ic_disable                                  ../../libopencm3//lib/libopencm3_stm32f1.a(timer_common_all.o)
timer_ic_enable                                   ../../libopencm3//lib/libopencm3_stm32f1.a(timer_common_all.o)
timer_ic_set_filter                               ../../libopencm3//lib/libopencm3_stm32f1.a(timer_common_all.o)
timer_ic_set_input                                ../../libopencm3//lib/libopencm3_stm32f1.a(timer_common_all.o)
timer_ic_set_prescaler                            ../../libopencm3//lib/libopencm3_stm32f1.a(timer_common_all.o)
timer_interrupt_source                            ../../libopencm3//lib/libopencm3_stm32f1.a(timer_common_all.o)
timer_one_shot_mode                               ../../libopencm3//lib/libopencm3_stm32f1.a(timer_common_all.o)
timer_reset_output_idle_state                     ../../libopencm3//lib/libopencm3_stm32f1.a(timer_common_all.o)
timer_set_alignment                               ../../libopencm3//lib/libopencm3_stm32f1.a(timer_common_all.o)
timer_set_break_lock                              ../../libopencm3//lib/libopencm3_stm32f1.a(timer_common_all.o)
timer_set_break_polarity_high                     ../../libopencm3//lib/libopencm3_stm32f1.a(timer_common_all.o)
timer_set_break_polarity_low                      ../../libopencm3//lib/libopencm3_stm32f1.a(timer_common_all.o)
timer_set_clock_division                          ../../libopencm3//lib/libopencm3_stm32f1.a(timer_common_all.o)
timer_set_counter                                 ../../libopencm3//lib/libopencm3_stm32f1.a(timer_common_all.o)
timer_set_deadtime                                ../../libopencm3//lib/libopencm3_stm32f1.a(timer_common_all.o)
timer_set_disabled_off_state_in_idle_mode         ../../libopencm3//lib/libopencm3_stm32f1.a(timer_common_all.o)
timer_set_disabled_off_state_in_run_mode          ../../libopencm3//lib/libopencm3_stm32f1.a(timer_common_all.o)
timer_set_dma_on_compare_event                    ../../libopencm3//lib/libopencm3_stm32f1.a(timer_common_all.o)
timer_set_dma_on_update_event                     ../../libopencm3//lib/libopencm3_stm32f1.a(timer_common_all.o)
timer_set_enabled_off_state_in_idle_mode          ../../libopencm3//lib/libopencm3_stm32f1.a(timer_common_all.o)
timer_set_enabled_off_state_in_run_mode           ../../libopencm3//lib/libopencm3_stm32f1.a(timer_common_all.o)
timer_set_master_mode                             ../../libopencm3//lib/libopencm3_stm32f1.a(timer_common_all.o)
timer_set_mode                                    ../../libopencm3//lib/libopencm3_stm32f1.a(timer_common_all.o)
timer_set_oc_fast_mode                            ../../libopencm3//lib/libopencm3_stm32f1.a(timer_common_all.o)
timer_set_oc_idle_state_set                       ../../libopencm3//lib/libopencm3_stm32f1.a(timer_common_all.o)
timer_set_oc_idle_state_unset                     ../../libopencm3//lib/libopencm3_stm32f1.a(timer_common_all.o)
timer_set_oc_mode                                 ../../libopencm3//lib/libopencm3_stm32f1.a(timer_common_all.o)
                                                  test-mic.o
timer_set_oc_polarity_high                        ../../libopencm3//lib/libopencm3_stm32f1.a(timer_common_all.o)
timer_set_oc_polarity_low                         ../../libopencm3//lib/libopencm3_stm32f1.a(timer_common_all.o)
timer_set_oc_slow_mode                            ../../libopencm3//lib/libopencm3_stm32f1.a(timer_common_all.o)
timer_set_oc_value                                ../../libopencm3//lib/libopencm3_stm32f1.a(timer_common_all.o)
                                                  test-mic.o
timer_set_output_idle_state                       ../../libopencm3//lib/libopencm3_stm32f1.a(timer_common_all.o)
timer_set_period                                  ../../libopencm3//lib/libopencm3_stm32f1.a(timer_common_all.o)
                                                  test-mic.o
timer_set_prescaler                               ../../libopencm3//lib/libopencm3_stm32f1.a(timer_common_all.o)
                                                  test-mic.o
timer_set_repetition_counter                      ../../libopencm3//lib/libopencm3_stm32f1.a(timer_common_all.o)
timer_set_ti1_ch1                                 ../../libopencm3//lib/libopencm3_stm32f1.a(timer_common_all.o)
timer_set_ti1_ch123_xor                           ../../libopencm3//lib/libopencm3_stm32f1.a(timer_common_all.o)
timer_slave_set_extclockmode2                     ../../libopencm3//lib/libopencm3_stm32f1.a(timer_common_all.o)
timer_slave_set_filter                            ../../libopencm3//lib/libopencm3_stm32f1.a(timer_common_all.o)
timer_slave_set_mode                              ../../libopencm3//lib/libopencm3_stm32f1.a(timer_common_all.o)
timer_slave_set_polarity                          ../../libopencm3//lib/libopencm3_stm32f1.a(timer_common_all.o)
timer_slave_set_prescaler                         ../../libopencm3//lib/libopencm3_stm32f1.a(timer_common_all.o)
timer_slave_set_trigger                           ../../libopencm3//lib/libopencm3_stm32f1.a(timer_common_all.o)
timer_update_on_any                               ../../libopencm3//lib/libopencm3_stm32f1.a(timer_common_all.o)
timer_update_on_overflow                          ../../libopencm3//lib/libopencm3_stm32f1.a(timer_common_all.o)
uart4_isr                                         ../../libopencm3//lib/libopencm3_stm32f1.a(vector.o)
uart5_isr                                         ../../libopencm3//lib/libopencm3_stm32f1.a(vector.o)
usage_fault_handler                               ../../libopencm3//lib/libopencm3_stm32f1.a(vector.o)
usart1_isr                                        ../../libopencm3//lib/libopencm3_stm32f1.a(vector.o)
usart2_isr                                        ../../libopencm3//lib/libopencm3_stm32f1.a(vector.o)
usart3_isr                                        ../../libopencm3//lib/libopencm3_stm32f1.a(vector.o)
usb_hp_can_tx_isr                                 ../../libopencm3//lib/libopencm3_stm32f1.a(vector.o)
usb_lp_can_rx0_isr                                ../../libopencm3//lib/libopencm3_stm32f1.a(vector.o)
usb_wakeup_isr                                    ../../libopencm3//lib/libopencm3_stm32f1.a(vector.o)
vector_table                                      ../../libopencm3//lib/libopencm3_stm32f1.a(vector.o)
wwdg_isr                                          ../../libopencm3//lib/libopencm3_stm32f1.a(vector.o)
